
The following have been reloaded with a version change:
  1) gcc-native/14.2 => gcc-native/12.3

[gpu] NVIDIA A100-SXM4-40GB, 40960 MiB, 595.71.05
[gpu] NVIDIA A100-SXM4-40GB, 40960 MiB, 595.71.05
[gpu] NVIDIA A100-SXM4-40GB, 40960 MiB, 595.71.05
[gpu] NVIDIA A100-SXM4-40GB, 40960 MiB, 595.71.05
[node-jobs] bkit-fzgm-vs-native sruiter
[benchkit] session = 7802064
[benchkit] results = /N/scratch/sruiter/benchkit-results/7802064
[benchkit] experiment = configs/experiments/fzgm_vs_native.yaml
[benchkit] fzgmod-cli = /N/u/sruiter/BigRed200/research/FZGPUModules/build_bench/bin/fzgmod-cli
[session] 7802064  ->  /N/scratch/sruiter/benchkit-results/7802064
[plan] 210 cells this task, 0 already done (skipped)
  [0] OK   cusz:cusz [default] CESM-2D/CLDHGH eb=0.01  CR=24.26 PSNR=44.75dB cT=54.7 dT=30.5GB/s eb_ok=True
  [1] OK   cusz:cusz [default] CESM-2D/CLDHGH eb=0.001  CR=13.08 PSNR=64.77dB cT=56.0 dT=14.1GB/s eb_ok=True
  [2] OK   cusz:cusz [default] CESM-2D/CLDHGH eb=0.0001  CR=4.70 PSNR=84.77dB cT=54.3 dT=11.5GB/s eb_ok=True
  [3] OK   cusz:cusz [default] HURR/TC eb=0.01  CR=26.31 PSNR=44.80dB cT=110.9 dT=58.9GB/s eb_ok=True
  [4] OK   cusz:cusz [default] HURR/TC eb=0.001  CR=16.65 PSNR=64.79dB cT=112.4 dT=50.1GB/s eb_ok=True
  [5] OK   cusz:cusz [default] HURR/TC eb=0.0001  CR=9.12 PSNR=84.79dB cT=111.1 dT=38.7GB/s eb_ok=True
  [6] OK   cusz:cusz [default] NYX/temperature eb=0.01  CR=29.89 PSNR=54.12dB cT=148.6 dT=77.7GB/s eb_ok=True
  [7] OK   cusz:cusz [default] NYX/temperature eb=0.001  CR=26.48 PSNR=63.89dB cT=148.9 dT=77.4GB/s eb_ok=True
  [8] OK   cusz:cusz [default] NYX/temperature eb=0.0001  CR=18.50 PSNR=84.77dB cT=151.2 dT=75.4GB/s eb_ok=True
  [9] OK   cusz:cusz [default] HACC/vx eb=0.01  CR=14.58 PSNR=44.78dB cT=158.2 dT=55.2GB/s eb_ok=True
  [10] OK   cusz:cusz [default] HACC/vx eb=0.001  CR=4.92 PSNR=64.77dB cT=149.3 dT=54.1GB/s eb_ok=True
  [11] OK   cusz:cusz [default] HACC/vx eb=0.0001  CR=1.26 PSNR=-23.61dB cT=73.5 dT=317.4GB/s eb_ok=False
  [12] OK   fzgm:cusz [cusz.toml] CESM-2D/CLDHGH eb=0.01  CR=24.26 PSNR=44.75dB cT=36.8 dT=33.7GB/s eb_ok=True
  [13] OK   fzgm:cusz [cusz.toml] CESM-2D/CLDHGH eb=0.001  CR=13.80 PSNR=64.77dB cT=34.7 dT=16.9GB/s eb_ok=True
  [14] OK   fzgm:cusz [cusz.toml] CESM-2D/CLDHGH eb=0.0001  CR=6.22 PSNR=84.77dB cT=32.0 dT=13.7GB/s eb_ok=True
  [15] OK   fzgm:cusz [cusz.toml] HURR/TC eb=0.01  CR=26.59 PSNR=44.80dB cT=93.7 dT=75.5GB/s eb_ok=True
  [16] OK   fzgm:cusz [cusz.toml] HURR/TC eb=0.001  CR=17.83 PSNR=64.79dB cT=88.2 dT=57.7GB/s eb_ok=True
  [17] OK   fzgm:cusz [cusz.toml] HURR/TC eb=0.0001  CR=10.43 PSNR=84.79dB cT=81.5 dT=47.2GB/s eb_ok=True
  [18] OK   fzgm:cusz [cusz.toml] NYX/temperature eb=0.01  CR=29.93 PSNR=54.12dB cT=104.3 dT=75.9GB/s eb_ok=True
  [19] OK   fzgm:cusz [cusz.toml] NYX/temperature eb=0.001  CR=27.34 PSNR=63.89dB cT=105.1 dT=75.2GB/s eb_ok=True
  [20] OK   fzgm:cusz [cusz.toml] NYX/temperature eb=0.0001  CR=18.77 PSNR=84.77dB cT=101.1 dT=73.0GB/s eb_ok=True
  [21] OK   fzgm:cusz [cusz.toml] HACC/vx eb=0.01  CR=15.04 PSNR=44.78dB cT=68.9 dT=50.7GB/s eb_ok=True
  [22] OK   fzgm:cusz [cusz.toml] HACC/vx eb=0.001  CR=6.32 PSNR=64.77dB cT=62.2 dT=44.6GB/s eb_ok=True
  [23] OK   fzgm:cusz [cusz.toml] HACC/vx eb=0.0001  CR=3.63 PSNR=84.77dB cT=51.9 dT=38.5GB/s eb_ok=True
  [24] OK   cuszhi:cuszhi_tp [tp] CESM-2D/CLDHGH eb=0.01  CR=61.92 PSNR=51.60dB cT=50.3 dT=84.1GB/s eb_ok=True
  [25] OK   cuszhi:cuszhi_tp [tp] CESM-2D/CLDHGH eb=0.001  CR=13.33 PSNR=66.54dB cT=49.2 dT=82.7GB/s eb_ok=True
  [26] OK   cuszhi:cuszhi_tp [tp] CESM-2D/CLDHGH eb=0.0001  CR=5.75 PSNR=85.43dB cT=48.7 dT=78.4GB/s eb_ok=True
  [27] OK   cuszhi:cuszhi_tp [tp] HURR/TC eb=0.01  CR=352.73 PSNR=54.54dB cT=60.9 dT=68.8GB/s eb_ok=True
  [28] OK   cuszhi:cuszhi_tp [tp] HURR/TC eb=0.001  CR=39.55 PSNR=67.97dB cT=60.9 dT=68.7GB/s eb_ok=True
  [29] OK   cuszhi:cuszhi_tp [tp] HURR/TC eb=0.0001  CR=10.07 PSNR=85.21dB cT=61.1 dT=68.8GB/s eb_ok=True
  [30] OK   cuszhi:cuszhi_tp [tp] NYX/temperature eb=0.01  CR=1240.33 PSNR=64.29dB cT=90.2 dT=95.0GB/s eb_ok=True
  [31] OK   cuszhi:cuszhi_tp [tp] NYX/temperature eb=0.001  CR=209.75 PSNR=74.39dB cT=90.2 dT=95.0GB/s eb_ok=True
  [32] OK   cuszhi:cuszhi_tp [tp] NYX/temperature eb=0.0001  CR=33.44 PSNR=88.26dB cT=90.1 dT=95.0GB/s eb_ok=True
  [33] OK   cuszhi:cuszhi_tp [tp] HACC/vx eb=0.01  CR=9.94 PSNR=48.06dB cT=3.6 dT=4.2GB/s eb_ok=True
  [34] OK   cuszhi:cuszhi_tp [tp] HACC/vx eb=0.001  CR=5.08 PSNR=66.69dB cT=3.6 dT=4.3GB/s eb_ok=True
  [35] FAIL cuszhi:cuszhi_tp [tp] HACC/vx eb=0.0001  -> compress failed (exit -6); see /N/scratch/sruiter/benchkit-results/7802064/work/fzgm_vs_native-0035/compress.log
  [36] OK   fzgm:cuszhi_tp [cusz_hi_tp.toml] CESM-2D/CLDHGH eb=0.01  CR=52.45 PSNR=51.50dB cT=18.4 dT=24.2GB/s eb_ok=True
  [37] OK   fzgm:cuszhi_tp [cusz_hi_tp.toml] CESM-2D/CLDHGH eb=0.001  CR=12.46 PSNR=66.83dB cT=18.1 dT=24.0GB/s eb_ok=True
  [38] OK   fzgm:cuszhi_tp [cusz_hi_tp.toml] CESM-2D/CLDHGH eb=0.0001  CR=5.41 PSNR=85.91dB cT=16.7 dT=21.5GB/s eb_ok=True
  [39] OK   fzgm:cuszhi_tp [cusz_hi_tp.toml] HURR/TC eb=0.01  CR=344.35 PSNR=54.73dB cT=40.2 dT=47.6GB/s eb_ok=True
  [40] OK   fzgm:cuszhi_tp [cusz_hi_tp.toml] HURR/TC eb=0.001  CR=38.98 PSNR=68.54dB cT=39.6 dT=47.4GB/s eb_ok=True
  [41] OK   fzgm:cuszhi_tp [cusz_hi_tp.toml] HURR/TC eb=0.0001  CR=9.88 PSNR=85.43dB cT=37.6 dT=47.2GB/s eb_ok=True
  [42] OK   fzgm:cuszhi_tp [cusz_hi_tp.toml] NYX/temperature eb=0.01  CR=1152.04 PSNR=64.21dB cT=48.4 dT=56.1GB/s eb_ok=True
  [43] OK   fzgm:cuszhi_tp [cusz_hi_tp.toml] NYX/temperature eb=0.001  CR=210.34 PSNR=75.75dB cT=53.0 dT=61.5GB/s eb_ok=True
  [44] OK   fzgm:cuszhi_tp [cusz_hi_tp.toml] NYX/temperature eb=0.0001  CR=36.91 PSNR=90.02dB cT=47.5 dT=55.8GB/s eb_ok=True
  [45] OK   cuszhi:cuszhi_cr [cr] CESM-2D/CLDHGH eb=0.01  CR=52.65 PSNR=51.60dB cT=34.4 dT=35.4GB/s eb_ok=True
  [46] OK   cuszhi:cuszhi_cr [cr] CESM-2D/CLDHGH eb=0.001  CR=13.30 PSNR=66.54dB cT=33.9 dT=32.0GB/s eb_ok=True
  [47] OK   cuszhi:cuszhi_cr [cr] CESM-2D/CLDHGH eb=0.0001  CR=5.37 PSNR=85.43dB cT=32.9 dT=36.6GB/s eb_ok=True
  [48] OK   cuszhi:cuszhi_cr [cr] HURR/TC eb=0.01  CR=257.41 PSNR=54.54dB cT=48.1 dT=74.2GB/s eb_ok=True
  [49] OK   cuszhi:cuszhi_cr [cr] HURR/TC eb=0.001  CR=41.21 PSNR=67.97dB cT=48.0 dT=74.2GB/s eb_ok=True
  [50] OK   cuszhi:cuszhi_cr [cr] HURR/TC eb=0.0001  CR=9.99 PSNR=85.21dB cT=48.0 dT=74.2GB/s eb_ok=True
  [51] OK   cuszhi:cuszhi_cr [cr] NYX/temperature eb=0.01  CR=1274.99 PSNR=64.29dB cT=66.3 dT=98.2GB/s eb_ok=True
  [52] OK   cuszhi:cuszhi_cr [cr] NYX/temperature eb=0.001  CR=287.83 PSNR=74.39dB cT=66.3 dT=98.2GB/s eb_ok=True
  [53] OK   cuszhi:cuszhi_cr [cr] NYX/temperature eb=0.0001  CR=49.47 PSNR=88.26dB cT=66.3 dT=98.2GB/s eb_ok=True
  [54] FAIL cuszhi:cuszhi_cr [cr] HACC/vx eb=0.01  -> compress failed (exit -6); see /N/scratch/sruiter/benchkit-results/7802064/work/fzgm_vs_native-0054/compress.log
  [55] OK   cuszhi:cuszhi_cr [cr] HACC/vx eb=0.001  CR=5.08 PSNR=66.69dB cT=3.6 dT=4.3GB/s eb_ok=True
  [56] FAIL cuszhi:cuszhi_cr [cr] HACC/vx eb=0.0001  -> compress failed (exit -6); see /N/scratch/sruiter/benchkit-results/7802064/work/fzgm_vs_native-0056/compress.log
  [57] OK   fzgm:cuszhi_cr [cusz_hi_cr.toml] CESM-2D/CLDHGH eb=0.01  CR=53.21 PSNR=51.50dB cT=15.3 dT=11.8GB/s eb_ok=True
  [58] OK   fzgm:cuszhi_cr [cusz_hi_cr.toml] CESM-2D/CLDHGH eb=0.001  CR=13.20 PSNR=66.83dB cT=14.8 dT=8.2GB/s eb_ok=True
  [59] OK   fzgm:cuszhi_cr [cusz_hi_cr.toml] CESM-2D/CLDHGH eb=0.0001  CR=5.79 PSNR=85.91dB cT=12.3 dT=5.7GB/s eb_ok=True
  [60] OK   fzgm:cuszhi_cr [cusz_hi_cr.toml] HURR/TC eb=0.01  CR=258.49 PSNR=54.73dB cT=34.3 dT=29.0GB/s eb_ok=True
  [61] OK   fzgm:cuszhi_cr [cusz_hi_cr.toml] HURR/TC eb=0.001  CR=41.18 PSNR=68.54dB cT=35.0 dT=24.9GB/s eb_ok=True
  [62] OK   fzgm:cuszhi_cr [cusz_hi_cr.toml] HURR/TC eb=0.0001  CR=10.19 PSNR=85.43dB cT=29.8 dT=12.8GB/s eb_ok=True
  [63] OK   fzgm:cuszhi_cr [cusz_hi_cr.toml] NYX/temperature eb=0.01  CR=517.71 PSNR=64.21dB cT=42.7 dT=39.1GB/s eb_ok=True
  [64] OK   fzgm:cuszhi_cr [cusz_hi_cr.toml] NYX/temperature eb=0.001  CR=185.10 PSNR=75.75dB cT=42.5 dT=38.6GB/s eb_ok=True
  [65] OK   fzgm:cuszhi_cr [cusz_hi_cr.toml] NYX/temperature eb=0.0001  CR=46.05 PSNR=90.02dB cT=40.3 dT=34.8GB/s eb_ok=True
  [66] OK   cuszp2:cuszp2_outlier [outlier] CESM-2D/CLDHGH eb=0.01  CR=13.53 PSNR=44.75dB cT=85.9 dT=140.8GB/s eb_ok=True
  [67] OK   cuszp2:cuszp2_outlier [outlier] CESM-2D/CLDHGH eb=0.001  CR=8.80 PSNR=64.77dB cT=68.7 dT=83.4GB/s eb_ok=True
  [68] OK   cuszp2:cuszp2_outlier [outlier] CESM-2D/CLDHGH eb=0.0001  CR=4.91 PSNR=84.77dB cT=65.8 dT=83.1GB/s eb_ok=True
  [69] OK   cuszp2:cuszp2_outlier [outlier] HURR/TC eb=0.01  CR=16.56 PSNR=44.80dB cT=238.9 dT=390.5GB/s eb_ok=True
  [70] OK   cuszp2:cuszp2_outlier [outlier] HURR/TC eb=0.001  CR=10.88 PSNR=64.79dB cT=191.0 dT=211.2GB/s eb_ok=True
  [71] OK   cuszp2:cuszp2_outlier [outlier] HURR/TC eb=0.0001  CR=6.02 PSNR=84.79dB cT=183.9 dT=204.5GB/s eb_ok=True
  [72] OK   cuszp2:cuszp2_outlier [outlier] NYX/temperature eb=0.01  CR=115.40 PSNR=54.12dB cT=497.4 dT=2257.9GB/s eb_ok=True
  [73] OK   cuszp2:cuszp2_outlier [outlier] NYX/temperature eb=0.001  CR=16.46 PSNR=63.89dB cT=348.6 dT=537.5GB/s eb_ok=True
  [74] OK   cuszp2:cuszp2_outlier [outlier] NYX/temperature eb=0.0001  CR=10.64 PSNR=84.77dB cT=331.2 dT=417.1GB/s eb_ok=True
  [75] OK   cuszp2:cuszp2_outlier [outlier] HACC/vx eb=0.01  CR=10.95 PSNR=44.78dB cT=363.5 dT=510.1GB/s eb_ok=True
  [76] OK   cuszp2:cuszp2_outlier [outlier] HACC/vx eb=0.001  CR=5.65 PSNR=64.77dB cT=314.4 dT=404.3GB/s eb_ok=True
  [77] OK   cuszp2:cuszp2_outlier [outlier] HACC/vx eb=0.0001  CR=3.59 PSNR=84.77dB cT=269.4 dT=306.5GB/s eb_ok=True
  [78] OK   fzgm:cuszp2_outlier [cuszp2.toml] CESM-2D/CLDHGH eb=0.01  CR=12.24 PSNR=44.75dB cT=53.0 dT=120.7GB/s eb_ok=True
  [79] OK   fzgm:cuszp2_outlier [cuszp2.toml] CESM-2D/CLDHGH eb=0.001  CR=8.24 PSNR=64.77dB cT=51.9 dT=114.9GB/s eb_ok=True
  [80] OK   fzgm:cuszp2_outlier [cuszp2.toml] CESM-2D/CLDHGH eb=0.0001  CR=4.73 PSNR=84.77dB cT=49.6 dT=109.6GB/s eb_ok=True
  [81] OK   fzgm:cuszp2_outlier [cuszp2.toml] HURR/TC eb=0.01  CR=14.66 PSNR=44.80dB cT=60.4 dT=145.4GB/s eb_ok=True
  [82] OK   fzgm:cuszp2_outlier [cuszp2.toml] HURR/TC eb=0.001  CR=10.02 PSNR=64.79dB cT=58.9 dT=138.9GB/s eb_ok=True
  [83] OK   fzgm:cuszp2_outlier [cuszp2.toml] HURR/TC eb=0.0001  CR=5.75 PSNR=84.79dB cT=56.9 dT=130.9GB/s eb_ok=True
  [84] OK   fzgm:cuszp2_outlier [cuszp2.toml] NYX/temperature eb=0.01  CR=60.69 PSNR=54.12dB cT=72.8 dT=212.9GB/s eb_ok=True
  [85] OK   fzgm:cuszp2_outlier [cuszp2.toml] NYX/temperature eb=0.001  CR=14.58 PSNR=63.89dB cT=64.4 dT=158.3GB/s eb_ok=True
  [86] OK   fzgm:cuszp2_outlier [cuszp2.toml] NYX/temperature eb=0.0001  CR=9.83 PSNR=84.77dB cT=61.8 dT=147.0GB/s eb_ok=True
  [87] OK   fzgm:cuszp2_outlier [cuszp2.toml] HACC/vx eb=0.01  CR=10.09 PSNR=44.78dB cT=64.5 dT=156.0GB/s eb_ok=True
  [88] OK   fzgm:cuszp2_outlier [cuszp2.toml] HACC/vx eb=0.001  CR=5.41 PSNR=64.77dB cT=75.0 dT=164.4GB/s eb_ok=True
  [89] OK   fzgm:cuszp2_outlier [cuszp2.toml] HACC/vx eb=0.0001  CR=3.49 PSNR=84.77dB cT=57.9 dT=142.0GB/s eb_ok=True
  [90] OK   cuszp2:cuszp2_plain [plain] CESM-2D/CLDHGH eb=0.01  CR=6.20 PSNR=44.75dB cT=100.5 dT=170.9GB/s eb_ok=True
  [91] OK   cuszp2:cuszp2_plain [plain] CESM-2D/CLDHGH eb=0.001  CR=3.81 PSNR=64.77dB cT=87.9 dT=136.5GB/s eb_ok=True
  [92] OK   cuszp2:cuszp2_plain [plain] CESM-2D/CLDHGH eb=0.0001  CR=2.73 PSNR=84.77dB cT=78.2 dT=105.2GB/s eb_ok=True
  [93] OK   cuszp2:cuszp2_plain [plain] HURR/TC eb=0.01  CR=5.94 PSNR=44.80dB cT=232.5 dT=334.0GB/s eb_ok=True
  [94] OK   cuszp2:cuszp2_plain [plain] HURR/TC eb=0.001  CR=3.71 PSNR=64.79dB cT=227.9 dT=335.6GB/s eb_ok=True
  [95] OK   cuszp2:cuszp2_plain [plain] HURR/TC eb=0.0001  CR=2.70 PSNR=84.79dB cT=182.8 dT=258.0GB/s eb_ok=True
  [96] OK   cuszp2:cuszp2_plain [plain] NYX/temperature eb=0.01  CR=115.37 PSNR=54.12dB cT=553.2 dT=2555.2GB/s eb_ok=True
  [97] OK   cuszp2:cuszp2_plain [plain] NYX/temperature eb=0.001  CR=13.72 PSNR=63.89dB cT=359.5 dT=456.2GB/s eb_ok=True
  [98] OK   cuszp2:cuszp2_plain [plain] NYX/temperature eb=0.0001  CR=6.61 PSNR=84.77dB cT=326.3 dT=443.2GB/s eb_ok=True
  [99] OK   cuszp2:cuszp2_plain [plain] HACC/vx eb=0.01  CR=10.03 PSNR=44.78dB cT=371.2 dT=489.1GB/s eb_ok=True
  [100] OK   cuszp2:cuszp2_plain [plain] HACC/vx eb=0.001  CR=5.18 PSNR=64.77dB cT=303.4 dT=464.1GB/s eb_ok=True
  [101] OK   cuszp2:cuszp2_plain [plain] HACC/vx eb=0.0001  CR=3.39 PSNR=84.77dB cT=262.7 dT=448.2GB/s eb_ok=True
  [102] OK   fzgm:cuszp2_plain [cuszp2_plain.toml] CESM-2D/CLDHGH eb=0.01  CR=6.20 PSNR=44.75dB cT=56.1 dT=124.0GB/s eb_ok=True
  [103] OK   fzgm:cuszp2_plain [cuszp2_plain.toml] CESM-2D/CLDHGH eb=0.001  CR=3.81 PSNR=64.77dB cT=52.6 dT=118.8GB/s eb_ok=True
  [104] OK   fzgm:cuszp2_plain [cuszp2_plain.toml] CESM-2D/CLDHGH eb=0.0001  CR=2.73 PSNR=84.77dB cT=49.5 dT=117.8GB/s eb_ok=True
  [105] OK   fzgm:cuszp2_plain [cuszp2_plain.toml] HURR/TC eb=0.01  CR=5.94 PSNR=44.80dB cT=63.5 dT=143.0GB/s eb_ok=True
  [106] OK   fzgm:cuszp2_plain [cuszp2_plain.toml] HURR/TC eb=0.001  CR=3.71 PSNR=64.79dB cT=59.8 dT=139.5GB/s eb_ok=True
  [107] OK   fzgm:cuszp2_plain [cuszp2_plain.toml] HURR/TC eb=0.0001  CR=2.70 PSNR=84.79dB cT=56.3 dT=137.9GB/s eb_ok=True
  [108] OK   fzgm:cuszp2_plain [cuszp2_plain.toml] NYX/temperature eb=0.01  CR=115.37 PSNR=54.12dB cT=78.7 dT=215.3GB/s eb_ok=True
  [109] OK   fzgm:cuszp2_plain [cuszp2_plain.toml] NYX/temperature eb=0.001  CR=13.72 PSNR=63.89dB cT=70.4 dT=164.4GB/s eb_ok=True
  [110] OK   fzgm:cuszp2_plain [cuszp2_plain.toml] NYX/temperature eb=0.0001  CR=6.61 PSNR=84.77dB cT=67.1 dT=152.2GB/s eb_ok=True
  [111] OK   fzgm:cuszp2_plain [cuszp2_plain.toml] HACC/vx eb=0.01  CR=10.03 PSNR=44.78dB cT=69.0 dT=160.6GB/s eb_ok=True
  [112] OK   fzgm:cuszp2_plain [cuszp2_plain.toml] HACC/vx eb=0.001  CR=5.18 PSNR=64.77dB cT=65.7 dT=149.7GB/s eb_ok=True
  [113] OK   fzgm:cuszp2_plain [cuszp2_plain.toml] HACC/vx eb=0.0001  CR=3.39 PSNR=84.77dB cT=61.8 dT=147.8GB/s eb_ok=True
  [114] OK   cuszp3:cuszp3_plain [plain:2d] CESM-2D/CLDHGH eb=0.01  CR=6.36 PSNR=44.75dB cT=104.3 dT=201.3GB/s eb_ok=True
  [115] OK   cuszp3:cuszp3_plain [plain:2d] CESM-2D/CLDHGH eb=0.001  CR=3.87 PSNR=64.77dB cT=94.6 dT=162.3GB/s eb_ok=True
  [116] OK   cuszp3:cuszp3_plain [plain:2d] CESM-2D/CLDHGH eb=0.0001  CR=2.76 PSNR=84.77dB cT=87.1 dT=128.8GB/s eb_ok=True
  [117] OK   fzgm:cuszp3_plain [cuszp3.toml] CESM-2D/CLDHGH eb=0.01  CR=6.36 PSNR=44.75dB cT=78.9 dT=97.7GB/s eb_ok=True
  [118] OK   fzgm:cuszp3_plain [cuszp3.toml] CESM-2D/CLDHGH eb=0.001  CR=3.87 PSNR=64.77dB cT=73.6 dT=95.8GB/s eb_ok=True
  [119] OK   fzgm:cuszp3_plain [cuszp3.toml] CESM-2D/CLDHGH eb=0.0001  CR=2.76 PSNR=84.77dB cT=68.8 dT=94.9GB/s eb_ok=True
  [120] OK   cuszp3:cuszp3_plain [plain:3d] HURR/TC eb=0.01  CR=6.05 PSNR=44.80dB cT=218.9 dT=392.8GB/s eb_ok=True
  [121] OK   cuszp3:cuszp3_plain [plain:3d] HURR/TC eb=0.001  CR=3.75 PSNR=64.79dB cT=234.5 dT=418.9GB/s eb_ok=True
  [122] OK   cuszp3:cuszp3_plain [plain:3d] HURR/TC eb=0.0001  CR=2.73 PSNR=84.79dB cT=175.6 dT=273.5GB/s eb_ok=True
  [123] OK   cuszp3:cuszp3_plain [plain:3d] NYX/temperature eb=0.01  CR=227.67 PSNR=54.12dB cT=515.2 dT=2363.0GB/s eb_ok=True
  [124] OK   cuszp3:cuszp3_plain [plain:3d] NYX/temperature eb=0.001  CR=15.19 PSNR=63.89dB cT=395.7 dT=856.5GB/s eb_ok=True
  [125] OK   cuszp3:cuszp3_plain [plain:3d] NYX/temperature eb=0.0001  CR=6.82 PSNR=84.77dB cT=381.1 dT=832.8GB/s eb_ok=True
  [126] OK   fzgm:cuszp3_plain [cuszp3_3d.toml] HURR/TC eb=0.01  CR=6.05 PSNR=44.80dB cT=94.9 dT=123.7GB/s eb_ok=True
  [127] OK   fzgm:cuszp3_plain [cuszp3_3d.toml] HURR/TC eb=0.001  CR=3.75 PSNR=64.79dB cT=87.4 dT=122.8GB/s eb_ok=True
  [128] OK   fzgm:cuszp3_plain [cuszp3_3d.toml] HURR/TC eb=0.0001  CR=2.73 PSNR=84.79dB cT=81.3 dT=122.1GB/s eb_ok=True
  [129] OK   fzgm:cuszp3_plain [cuszp3_3d.toml] NYX/temperature eb=0.01  CR=227.67 PSNR=54.12dB cT=123.7 dT=187.5GB/s eb_ok=True
  [130] OK   fzgm:cuszp3_plain [cuszp3_3d.toml] NYX/temperature eb=0.001  CR=15.19 PSNR=63.89dB cT=110.7 dT=158.8GB/s eb_ok=True
  [131] OK   fzgm:cuszp3_plain [cuszp3_3d.toml] NYX/temperature eb=0.0001  CR=6.82 PSNR=84.77dB cT=104.0 dT=148.3GB/s eb_ok=True
  [132] OK   cuszp3:cuszp3_plain [plain] HACC/vx eb=0.01  CR=10.03 PSNR=44.78dB cT=392.8 dT=486.8GB/s eb_ok=True
  [133] OK   cuszp3:cuszp3_plain [plain] HACC/vx eb=0.001  CR=5.18 PSNR=64.77dB cT=369.0 dT=462.6GB/s eb_ok=True
  [134] OK   cuszp3:cuszp3_plain [plain] HACC/vx eb=0.0001  CR=3.39 PSNR=84.77dB cT=321.5 dT=447.3GB/s eb_ok=True
  [135] OK   fzgm:cuszp3_plain [cuszp3_1d.toml] HACC/vx eb=0.01  CR=10.03 PSNR=44.78dB cT=69.1 dT=160.6GB/s eb_ok=True
  [136] OK   fzgm:cuszp3_plain [cuszp3_1d.toml] HACC/vx eb=0.001  CR=5.18 PSNR=64.77dB cT=65.7 dT=149.6GB/s eb_ok=True
  [137] OK   fzgm:cuszp3_plain [cuszp3_1d.toml] HACC/vx eb=0.0001  CR=3.39 PSNR=84.77dB cT=75.9 dT=165.3GB/s eb_ok=True
  [138] OK   cuszp3:cuszp3_outlier [outlier:2d] CESM-2D/CLDHGH eb=0.01  CR=14.68 PSNR=44.75dB cT=91.3 dT=156.5GB/s eb_ok=False
  [139] OK   cuszp3:cuszp3_outlier [outlier:2d] CESM-2D/CLDHGH eb=0.001  CR=8.29 PSNR=64.77dB cT=72.7 dT=99.5GB/s eb_ok=False
  [140] OK   cuszp3:cuszp3_outlier [outlier:2d] CESM-2D/CLDHGH eb=0.0001  CR=4.57 PSNR=84.70dB cT=72.7 dT=104.1GB/s eb_ok=False
  [141] OK   fzgm:cuszp3_outlier [cuszp3_outlier.toml] CESM-2D/CLDHGH eb=0.01  CR=13.89 PSNR=44.75dB cT=79.1 dT=98.3GB/s eb_ok=True
  [142] OK   fzgm:cuszp3_outlier [cuszp3_outlier.toml] CESM-2D/CLDHGH eb=0.001  CR=8.03 PSNR=64.77dB cT=75.6 dT=93.5GB/s eb_ok=True
  [143] OK   fzgm:cuszp3_outlier [cuszp3_outlier.toml] CESM-2D/CLDHGH eb=0.0001  CR=4.49 PSNR=84.77dB cT=71.1 dT=89.2GB/s eb_ok=True
  [144] OK   cuszp3:cuszp3_outlier [outlier:3d] HURR/TC eb=0.01  CR=14.52 PSNR=44.80dB cT=205.8 dT=377.0GB/s eb_ok=True
  [145] OK   cuszp3:cuszp3_outlier [outlier:3d] HURR/TC eb=0.001  CR=7.68 PSNR=64.79dB cT=178.6 dT=230.3GB/s eb_ok=False
  [146] OK   cuszp3:cuszp3_outlier [outlier:3d] HURR/TC eb=0.0001  CR=4.30 PSNR=84.79dB cT=197.1 dT=267.1GB/s eb_ok=False
  [147] OK   cuszp3:cuszp3_outlier [outlier:3d] NYX/temperature eb=0.01  CR=227.75 PSNR=54.12dB cT=511.6 dT=2208.1GB/s eb_ok=True
  [148] OK   cuszp3:cuszp3_outlier [outlier:3d] NYX/temperature eb=0.001  CR=21.83 PSNR=63.89dB cT=376.4 dT=643.9GB/s eb_ok=True
  [149] OK   cuszp3:cuszp3_outlier [outlier:3d] NYX/temperature eb=0.0001  CR=12.61 PSNR=84.77dB cT=341.4 dT=466.9GB/s eb_ok=True
  [150] OK   fzgm:cuszp3_outlier [cuszp3_3d_outlier.toml] HURR/TC eb=0.01  CR=13.74 PSNR=44.80dB cT=93.0 dT=121.0GB/s eb_ok=True
  [151] OK   fzgm:cuszp3_outlier [cuszp3_3d_outlier.toml] HURR/TC eb=0.001  CR=7.46 PSNR=64.79dB cT=89.4 dT=115.3GB/s eb_ok=True
  [152] OK   fzgm:cuszp3_outlier [cuszp3_3d_outlier.toml] HURR/TC eb=0.0001  CR=4.23 PSNR=84.79dB cT=83.0 dT=111.9GB/s eb_ok=True
  [153] OK   fzgm:cuszp3_outlier [cuszp3_3d_outlier.toml] NYX/temperature eb=0.01  CR=120.53 PSNR=54.12dB cT=116.7 dT=181.0GB/s eb_ok=True
  [154] OK   fzgm:cuszp3_outlier [cuszp3_3d_outlier.toml] NYX/temperature eb=0.001  CR=20.11 PSNR=63.89dB cT=103.3 dT=146.1GB/s eb_ok=True
  [155] OK   fzgm:cuszp3_outlier [cuszp3_3d_outlier.toml] NYX/temperature eb=0.0001  CR=12.02 PSNR=84.77dB cT=98.9 dT=139.8GB/s eb_ok=True
  [156] OK   cuszp3:cuszp3_outlier [outlier] HACC/vx eb=0.01  CR=10.95 PSNR=44.78dB cT=359.7 dT=512.2GB/s eb_ok=True
  [157] OK   cuszp3:cuszp3_outlier [outlier] HACC/vx eb=0.001  CR=5.65 PSNR=64.77dB cT=322.2 dT=404.5GB/s eb_ok=True
  [158] OK   cuszp3:cuszp3_outlier [outlier] HACC/vx eb=0.0001  CR=3.59 PSNR=84.77dB cT=271.2 dT=306.7GB/s eb_ok=True
  [159] OK   fzgm:cuszp3_outlier [cuszp3_1d_outlier.toml] HACC/vx eb=0.01  CR=10.09 PSNR=44.78dB cT=78.7 dT=174.5GB/s eb_ok=True
  [160] OK   fzgm:cuszp3_outlier [cuszp3_1d_outlier.toml] HACC/vx eb=0.001  CR=5.41 PSNR=64.77dB cT=75.0 dT=164.4GB/s eb_ok=True
  [161] OK   fzgm:cuszp3_outlier [cuszp3_1d_outlier.toml] HACC/vx eb=0.0001  CR=3.49 PSNR=84.77dB cT=57.9 dT=142.0GB/s eb_ok=True
  [162] OK   fzgpu:fzgpu [default] CESM-2D/CLDHGH eb=0.01  CR=13.88 PSNR=44.74dB cT=112.4 dT=138.0GB/s eb_ok=False
  [163] OK   fzgpu:fzgpu [default] CESM-2D/CLDHGH eb=0.001  CR=8.31 PSNR=64.76dB cT=109.2 dT=137.5GB/s eb_ok=False
  [164] OK   fzgpu:fzgpu [default] CESM-2D/CLDHGH eb=0.0001  CR=4.73 PSNR=84.76dB cT=112.6 dT=137.2GB/s eb_ok=False
  [165] OK   fzgpu:fzgpu [default] HURR/TC eb=0.01  CR=14.37 PSNR=44.80dB cT=150.7 dT=129.8GB/s eb_ok=True
  [166] OK   fzgpu:fzgpu [default] HURR/TC eb=0.001  CR=9.76 PSNR=64.79dB cT=152.1 dT=129.5GB/s eb_ok=True
  [167] OK   fzgpu:fzgpu [default] HURR/TC eb=0.0001  CR=6.81 PSNR=84.79dB cT=150.8 dT=129.3GB/s eb_ok=True
  [168] OK   fzgpu:fzgpu [default] NYX/temperature eb=0.01  CR=106.76 PSNR=54.12dB cT=170.9 dT=140.2GB/s eb_ok=True
  [169] OK   fzgpu:fzgpu [default] NYX/temperature eb=0.001  CR=13.27 PSNR=63.89dB cT=170.2 dT=139.4GB/s eb_ok=True
  [170] OK   fzgpu:fzgpu [default] NYX/temperature eb=0.0001  CR=9.07 PSNR=84.77dB cT=170.2 dT=139.2GB/s eb_ok=True
  [171] OK   fzgpu:fzgpu [default] HACC/vx eb=0.01  CR=9.77 PSNR=44.78dB cT=203.6 dT=186.7GB/s eb_ok=True
  [172] OK   fzgpu:fzgpu [default] HACC/vx eb=0.001  CR=5.16 PSNR=64.77dB cT=194.3 dT=178.3GB/s eb_ok=True
  [173] OK   fzgpu:fzgpu [default] HACC/vx eb=0.0001  CR=3.38 PSNR=84.77dB cT=183.4 dT=168.3GB/s eb_ok=True
  [174] OK   fzgm:fzgpu [fzgpu.toml] CESM-2D/CLDHGH eb=0.01  CR=14.57 PSNR=44.75dB cT=89.8 dT=98.1GB/s eb_ok=True
  [175] OK   fzgm:fzgpu [fzgpu.toml] CESM-2D/CLDHGH eb=0.001  CR=8.94 PSNR=64.77dB cT=89.8 dT=97.8GB/s eb_ok=True
  [176] OK   fzgm:fzgpu [fzgpu.toml] CESM-2D/CLDHGH eb=0.0001  CR=4.90 PSNR=84.77dB cT=88.8 dT=96.2GB/s eb_ok=True
  [177] OK   fzgm:fzgpu [fzgpu.toml] HURR/TC eb=0.01  CR=15.03 PSNR=44.80dB cT=115.7 dT=103.1GB/s eb_ok=True
  [178] OK   fzgm:fzgpu [fzgpu.toml] HURR/TC eb=0.001  CR=10.13 PSNR=64.79dB cT=115.3 dT=102.8GB/s eb_ok=True
  [179] OK   fzgm:fzgpu [fzgpu.toml] HURR/TC eb=0.0001  CR=6.92 PSNR=84.79dB cT=113.7 dT=102.0GB/s eb_ok=True
  [180] OK   fzgm:fzgpu [fzgpu.toml] NYX/temperature eb=0.01  CR=116.42 PSNR=54.12dB cT=149.7 dT=122.3GB/s eb_ok=True
  [181] OK   fzgm:fzgpu [fzgpu.toml] NYX/temperature eb=0.001  CR=14.33 PSNR=63.89dB cT=149.3 dT=122.0GB/s eb_ok=True
  [182] OK   fzgm:fzgpu [fzgpu.toml] NYX/temperature eb=0.0001  CR=9.39 PSNR=84.77dB cT=149.2 dT=123.4GB/s eb_ok=True
  [183] OK   fzgm:fzgpu [fzgpu.toml] HACC/vx eb=0.01  CR=10.20 PSNR=44.78dB cT=151.6 dT=134.1GB/s eb_ok=True
  [184] OK   fzgm:fzgpu [fzgpu.toml] HACC/vx eb=0.001  CR=5.27 PSNR=64.77dB cT=150.7 dT=133.1GB/s eb_ok=True
  [185] OK   fzgm:fzgpu [fzgpu.toml] HACC/vx eb=0.0001  CR=3.29 PSNR=84.77dB cT=139.1 dT=129.9GB/s eb_ok=True
  [186] OK   pfpl:pfpl [default] CESM-2D/CLDHGH eb=0.01  CR=27.30 PSNR=44.75dB cT=90.7 dT=114.0GB/s eb_ok=True
  [187] OK   pfpl:pfpl [default] CESM-2D/CLDHGH eb=0.001  CR=11.19 PSNR=64.77dB cT=89.8 dT=113.5GB/s eb_ok=True
  [188] OK   pfpl:pfpl [default] CESM-2D/CLDHGH eb=0.0001  CR=5.50 PSNR=84.77dB cT=88.7 dT=129.1GB/s eb_ok=True
  [189] OK   pfpl:pfpl [default] HURR/TC eb=0.01  CR=54.73 PSNR=44.80dB cT=126.3 dT=131.4GB/s eb_ok=True
  [190] OK   pfpl:pfpl [default] HURR/TC eb=0.001  CR=15.58 PSNR=64.79dB cT=125.5 dT=130.7GB/s eb_ok=True
  [191] OK   pfpl:pfpl [default] HURR/TC eb=0.0001  CR=6.96 PSNR=84.79dB cT=124.1 dT=128.8GB/s eb_ok=True
  [192] OK   pfpl:pfpl [default] NYX/temperature eb=0.01  CR=954.15 PSNR=54.12dB cT=158.6 dT=201.7GB/s eb_ok=True
  [193] OK   pfpl:pfpl [default] NYX/temperature eb=0.001  CR=48.32 PSNR=63.89dB cT=146.7 dT=174.6GB/s eb_ok=True
  [194] OK   pfpl:pfpl [default] NYX/temperature eb=0.0001  CR=15.13 PSNR=84.77dB cT=145.8 dT=135.1GB/s eb_ok=True
  [195] OK   pfpl:pfpl [default] HACC/vx eb=0.01  CR=12.69 PSNR=44.78dB cT=148.9 dT=135.5GB/s eb_ok=True
  [196] OK   pfpl:pfpl [default] HACC/vx eb=0.001  CR=5.68 PSNR=64.77dB cT=146.9 dT=133.2GB/s eb_ok=True
  [197] OK   pfpl:pfpl [default] HACC/vx eb=0.0001  CR=3.56 PSNR=84.77dB cT=155.5 dT=131.3GB/s eb_ok=True
  [198] OK   fzgm:pfpl [pfpl.toml] CESM-2D/CLDHGH eb=0.01  CR=27.21 PSNR=44.75dB cT=51.0 dT=60.2GB/s eb_ok=True
  [199] OK   fzgm:pfpl [pfpl.toml] CESM-2D/CLDHGH eb=0.001  CR=11.18 PSNR=64.77dB cT=51.0 dT=60.4GB/s eb_ok=True
  [200] OK   fzgm:pfpl [pfpl.toml] CESM-2D/CLDHGH eb=0.0001  CR=5.54 PSNR=84.77dB cT=49.6 dT=59.8GB/s eb_ok=True
  [201] OK   fzgm:pfpl [pfpl.toml] HURR/TC eb=0.01  CR=54.49 PSNR=44.80dB cT=62.8 dT=72.4GB/s eb_ok=True
  [202] OK   fzgm:pfpl [pfpl.toml] HURR/TC eb=0.001  CR=15.68 PSNR=64.79dB cT=62.3 dT=72.0GB/s eb_ok=True
  [203] OK   fzgm:pfpl [pfpl.toml] HURR/TC eb=0.0001  CR=7.11 PSNR=84.79dB cT=60.5 dT=71.5GB/s eb_ok=True
  [204] OK   fzgm:pfpl [pfpl.toml] NYX/temperature eb=0.01  CR=854.56 PSNR=54.12dB cT=71.4 dT=84.7GB/s eb_ok=True
  [205] OK   fzgm:pfpl [pfpl.toml] NYX/temperature eb=0.001  CR=48.04 PSNR=63.89dB cT=68.3 dT=77.6GB/s eb_ok=True
  [206] OK   fzgm:pfpl [pfpl.toml] NYX/temperature eb=0.0001  CR=15.11 PSNR=84.77dB cT=67.3 dT=77.1GB/s eb_ok=True
  [207] OK   fzgm:pfpl [pfpl.toml] HACC/vx eb=0.01  CR=12.67 PSNR=44.78dB cT=80.9 dT=88.0GB/s eb_ok=True
  [208] OK   fzgm:pfpl [pfpl.toml] HACC/vx eb=0.001  CR=5.68 PSNR=64.77dB cT=78.5 dT=87.4GB/s eb_ok=True
  [209] OK   fzgm:pfpl [pfpl.toml] HACC/vx eb=0.0001  CR=3.56 PSNR=84.77dB cT=75.6 dT=86.8GB/s eb_ok=True

comp    variant     dataset         field         eb        CR        PSNR      cGB/s     dGB/s     eb_ok   tOK    graph 
-------------------------------------------------------------------------------------------------------------------------
cusz    cusz        CESM-2D         CLDHGH        0.01      24.26     44.75     54.67     30.53     True    True   -     
cusz    cusz        CESM-2D         CLDHGH        0.001     13.08     64.77     56.01     14.11     True    True   -     
cusz    cusz        CESM-2D         CLDHGH        0.0001    4.70      84.77     54.32     11.45     True    True   -     
cusz    cusz        HURR            TC            0.01      26.31     44.80     110.85    58.87     True    True   -     
cusz    cusz        HURR            TC            0.001     16.65     64.79     112.37    50.11     True    True   -     
cusz    cusz        HURR            TC            0.0001    9.12      84.79     111.10    38.71     True    True   -     
cusz    cusz        NYX             temperature   0.01      29.89     54.12     148.61    77.66     True    True   -     
cusz    cusz        NYX             temperature   0.001     26.48     63.89     148.94    77.42     True    True   -     
cusz    cusz        NYX             temperature   0.0001    18.50     84.77     151.18    75.39     True    True   -     
cusz    cusz        HACC            vx            0.01      14.58     44.78     158.18    55.16     True    True   -     
cusz    cusz        HACC            vx            0.001     4.92      64.77     149.32    54.15     True    True   -     
cusz    cusz        HACC            vx            0.0001    1.26      -23.61    73.47     317.37    False   True   -     
fzgm    cusz        CESM-2D         CLDHGH        0.01      24.26     44.75     36.79     33.74     True    True   -     
fzgm    cusz        CESM-2D         CLDHGH        0.001     13.80     64.77     34.67     16.86     True    True   -     
fzgm    cusz        CESM-2D         CLDHGH        0.0001    6.22      84.77     31.96     13.73     True    True   -     
fzgm    cusz        HURR            TC            0.01      26.59     44.80     93.72     75.54     True    True   -     
fzgm    cusz        HURR            TC            0.001     17.83     64.79     88.22     57.67     True    True   -     
fzgm    cusz        HURR            TC            0.0001    10.43     84.79     81.52     47.15     True    True   -     
fzgm    cusz        NYX             temperature   0.01      29.93     54.12     104.27    75.93     True    True   -     
fzgm    cusz        NYX             temperature   0.001     27.34     63.89     105.07    75.18     True    True   -     
fzgm    cusz        NYX             temperature   0.0001    18.77     84.77     101.10    72.95     True    True   -     
fzgm    cusz        HACC            vx            0.01      15.04     44.78     68.92     50.73     True    True   -     
fzgm    cusz        HACC            vx            0.001     6.32      64.77     62.23     44.62     True    True   -     
fzgm    cusz        HACC            vx            0.0001    3.63      84.77     51.91     38.55     True    True   -     
cuszhi  cuszhi_tp   CESM-2D         CLDHGH        0.01      61.92     51.60     50.32     84.09     True    True   -     
cuszhi  cuszhi_tp   CESM-2D         CLDHGH        0.001     13.33     66.54     49.25     82.72     True    True   -     
cuszhi  cuszhi_tp   CESM-2D         CLDHGH        0.0001    5.75      85.43     48.68     78.37     True    True   -     
cuszhi  cuszhi_tp   HURR            TC            0.01      352.73    54.54     60.92     68.77     True    True   -     
cuszhi  cuszhi_tp   HURR            TC            0.001     39.55     67.97     60.88     68.72     True    True   -     
cuszhi  cuszhi_tp   HURR            TC            0.0001    10.07     85.21     61.15     68.77     True    True   -     
cuszhi  cuszhi_tp   NYX             temperature   0.01      1240.33   64.29     90.16     94.98     True    True   -     
cuszhi  cuszhi_tp   NYX             temperature   0.001     209.75    74.39     90.18     95.00     True    True   -     
cuszhi  cuszhi_tp   NYX             temperature   0.0001    33.44     88.26     90.15     95.01     True    True   -     
cuszhi  cuszhi_tp   HACC            vx            0.01      9.94      48.06     3.64      4.19      True    True   -     
cuszhi  cuszhi_tp   HACC            vx            0.001     5.08      66.69     3.63      4.27      True    True   -     
fzgm    cuszhi_tp   CESM-2D         CLDHGH        0.01      52.45     51.50     18.45     24.17     True    True   -     
fzgm    cuszhi_tp   CESM-2D         CLDHGH        0.001     12.46     66.83     18.13     23.99     True    True   -     
fzgm    cuszhi_tp   CESM-2D         CLDHGH        0.0001    5.41      85.91     16.72     21.53     True    True   -     
fzgm    cuszhi_tp   HURR            TC            0.01      344.35    54.73     40.17     47.61     True    True   -     
fzgm    cuszhi_tp   HURR            TC            0.001     38.98     68.54     39.60     47.44     True    True   -     
fzgm    cuszhi_tp   HURR            TC            0.0001    9.88      85.43     37.56     47.23     True    True   -     
fzgm    cuszhi_tp   NYX             temperature   0.01      1152.04   64.21     48.38     56.06     True    True   -     
fzgm    cuszhi_tp   NYX             temperature   0.001     210.34    75.75     53.01     61.55     True    True   -     
fzgm    cuszhi_tp   NYX             temperature   0.0001    36.91     90.02     47.53     55.78     True    True   -     
cuszhi  cuszhi_cr   CESM-2D         CLDHGH        0.01      52.65     51.60     34.37     35.41     True    True   -     
cuszhi  cuszhi_cr   CESM-2D         CLDHGH        0.001     13.30     66.54     33.94     31.97     True    True   -     
cuszhi  cuszhi_cr   CESM-2D         CLDHGH        0.0001    5.37      85.43     32.89     36.59     True    True   -     
cuszhi  cuszhi_cr   HURR            TC            0.01      257.41    54.54     48.06     74.22     True    True   -     
cuszhi  cuszhi_cr   HURR            TC            0.001     41.21     67.97     47.95     74.21     True    True   -     
cuszhi  cuszhi_cr   HURR            TC            0.0001    9.99      85.21     47.99     74.16     True    True   -     
cuszhi  cuszhi_cr   NYX             temperature   0.01      1274.99   64.29     66.26     98.25     True    True   -     
cuszhi  cuszhi_cr   NYX             temperature   0.001     287.83    74.39     66.32     98.25     True    True   -     
cuszhi  cuszhi_cr   NYX             temperature   0.0001    49.47     88.26     66.31     98.21     True    True   -     
cuszhi  cuszhi_cr   HACC            vx            0.001     5.08      66.69     3.58      4.26      True    True   -     
fzgm    cuszhi_cr   CESM-2D         CLDHGH        0.01      53.21     51.50     15.29     11.79     True    True   -     
fzgm    cuszhi_cr   CESM-2D         CLDHGH        0.001     13.20     66.83     14.79     8.15      True    True   -     
fzgm    cuszhi_cr   CESM-2D         CLDHGH        0.0001    5.79      85.91     12.31     5.67      True    True   -     
fzgm    cuszhi_cr   HURR            TC            0.01      258.49    54.73     34.31     29.00     True    True   -     
fzgm    cuszhi_cr   HURR            TC            0.001     41.18     68.54     35.00     24.86     True    True   -     
fzgm    cuszhi_cr   HURR            TC            0.0001    10.19     85.43     29.85     12.79     True    True   -     
fzgm    cuszhi_cr   NYX             temperature   0.01      517.71    64.21     42.73     39.14     True    True   -     
fzgm    cuszhi_cr   NYX             temperature   0.001     185.10    75.75     42.47     38.60     True    True   -     
fzgm    cuszhi_cr   NYX             temperature   0.0001    46.05     90.02     40.30     34.78     True    True   -     
cuszp2  cuszp2_outlier  CESM-2D         CLDHGH        0.01      13.53     44.75     85.86     140.81    True    True   -     
cuszp2  cuszp2_outlier  CESM-2D         CLDHGH        0.001     8.80      64.77     68.67     83.44     True    True   -     
cuszp2  cuszp2_outlier  CESM-2D         CLDHGH        0.0001    4.91      84.77     65.81     83.07     True    True   -     
cuszp2  cuszp2_outlier  HURR            TC            0.01      16.56     44.80     238.95    390.46    True    True   -     
cuszp2  cuszp2_outlier  HURR            TC            0.001     10.88     64.79     191.00    211.15    True    True   -     
cuszp2  cuszp2_outlier  HURR            TC            0.0001    6.02      84.79     183.86    204.54    True    True   -     
cuszp2  cuszp2_outlier  NYX             temperature   0.01      115.40    54.12     497.36    2257.87   True    True   -     
cuszp2  cuszp2_outlier  NYX             temperature   0.001     16.46     63.89     348.63    537.48    True    True   -     
cuszp2  cuszp2_outlier  NYX             temperature   0.0001    10.64     84.77     331.25    417.06    True    True   -     
cuszp2  cuszp2_outlier  HACC            vx            0.01      10.95     44.78     363.46    510.05    True    True   -     
cuszp2  cuszp2_outlier  HACC            vx            0.001     5.65      64.77     314.37    404.25    True    True   -     
cuszp2  cuszp2_outlier  HACC            vx            0.0001    3.59      84.77     269.43    306.47    True    True   -     
fzgm    cuszp2_outlier  CESM-2D         CLDHGH        0.01      12.24     44.75     52.96     120.66    True    True   -     
fzgm    cuszp2_outlier  CESM-2D         CLDHGH        0.001     8.24      64.77     51.87     114.91    True    True   -     
fzgm    cuszp2_outlier  CESM-2D         CLDHGH        0.0001    4.73      84.77     49.63     109.58    True    True   -     
fzgm    cuszp2_outlier  HURR            TC            0.01      14.66     44.80     60.43     145.44    True    True   -     
fzgm    cuszp2_outlier  HURR            TC            0.001     10.02     64.79     58.90     138.91    True    True   -     
fzgm    cuszp2_outlier  HURR            TC            0.0001    5.75      84.79     56.88     130.90    True    True   -     
fzgm    cuszp2_outlier  NYX             temperature   0.01      60.69     54.12     72.83     212.85    True    True   -     
fzgm    cuszp2_outlier  NYX             temperature   0.001     14.58     63.89     64.42     158.25    True    True   -     
fzgm    cuszp2_outlier  NYX             temperature   0.0001    9.83      84.77     61.80     147.04    True    True   -     
fzgm    cuszp2_outlier  HACC            vx            0.01      10.09     44.78     64.50     156.00    True    True   -     
fzgm    cuszp2_outlier  HACC            vx            0.001     5.41      64.77     75.04     164.42    True    True   -     
fzgm    cuszp2_outlier  HACC            vx            0.0001    3.49      84.77     57.90     142.05    True    True   -     
cuszp2  cuszp2_plain  CESM-2D         CLDHGH        0.01      6.20      44.75     100.53    170.87    True    True   -     
cuszp2  cuszp2_plain  CESM-2D         CLDHGH        0.001     3.81      64.77     87.90     136.55    True    True   -     
cuszp2  cuszp2_plain  CESM-2D         CLDHGH        0.0001    2.73      84.77     78.17     105.17    True    True   -     
cuszp2  cuszp2_plain  HURR            TC            0.01      5.94      44.80     232.53    334.01    True    True   -     
cuszp2  cuszp2_plain  HURR            TC            0.001     3.71      64.79     227.86    335.62    True    True   -     
cuszp2  cuszp2_plain  HURR            TC            0.0001    2.70      84.79     182.79    257.96    True    True   -     
cuszp2  cuszp2_plain  NYX             temperature   0.01      115.37    54.12     553.21    2555.19   True    True   -     
cuszp2  cuszp2_plain  NYX             temperature   0.001     13.72     63.89     359.49    456.20    True    True   -     
cuszp2  cuszp2_plain  NYX             temperature   0.0001    6.61      84.77     326.29    443.18    True    True   -     
cuszp2  cuszp2_plain  HACC            vx            0.01      10.03     44.78     371.22    489.14    True    True   -     
cuszp2  cuszp2_plain  HACC            vx            0.001     5.18      64.77     303.44    464.14    True    True   -     
cuszp2  cuszp2_plain  HACC            vx            0.0001    3.39      84.77     262.66    448.17    True    True   -     
fzgm    cuszp2_plain  CESM-2D         CLDHGH        0.01      6.20      44.75     56.13     123.99    True    True   -     
fzgm    cuszp2_plain  CESM-2D         CLDHGH        0.001     3.81      64.77     52.62     118.80    True    True   -     
fzgm    cuszp2_plain  CESM-2D         CLDHGH        0.0001    2.73      84.77     49.54     117.82    True    True   -     
fzgm    cuszp2_plain  HURR            TC            0.01      5.94      44.80     63.45     142.97    True    True   -     
fzgm    cuszp2_plain  HURR            TC            0.001     3.71      64.79     59.84     139.55    True    True   -     
fzgm    cuszp2_plain  HURR            TC            0.0001    2.70      84.79     56.29     137.87    True    True   -     
fzgm    cuszp2_plain  NYX             temperature   0.01      115.37    54.12     78.69     215.30    True    True   -     
fzgm    cuszp2_plain  NYX             temperature   0.001     13.72     63.89     70.37     164.35    True    True   -     
fzgm    cuszp2_plain  NYX             temperature   0.0001    6.61      84.77     67.13     152.21    True    True   -     
fzgm    cuszp2_plain  HACC            vx            0.01      10.03     44.78     69.03     160.64    True    True   -     
fzgm    cuszp2_plain  HACC            vx            0.001     5.18      64.77     65.70     149.65    True    True   -     
fzgm    cuszp2_plain  HACC            vx            0.0001    3.39      84.77     61.81     147.83    True    True   -     
cuszp3  cuszp3_plain  CESM-2D         CLDHGH        0.01      6.36      44.75     104.31    201.28    True    True   -     
cuszp3  cuszp3_plain  CESM-2D         CLDHGH        0.001     3.87      64.77     94.62     162.29    True    True   -     
cuszp3  cuszp3_plain  CESM-2D         CLDHGH        0.0001    2.76      84.77     87.06     128.78    True    True   -     
fzgm    cuszp3_plain  CESM-2D         CLDHGH        0.01      6.36      44.75     78.86     97.66     True    True   -     
fzgm    cuszp3_plain  CESM-2D         CLDHGH        0.001     3.87      64.77     73.58     95.81     True    True   -     
fzgm    cuszp3_plain  CESM-2D         CLDHGH        0.0001    2.76      84.77     68.78     94.91     True    True   -     
cuszp3  cuszp3_plain  HURR            TC            0.01      6.05      44.80     218.88    392.78    True    True   -     
cuszp3  cuszp3_plain  HURR            TC            0.001     3.75      64.79     234.52    418.90    True    True   -     
cuszp3  cuszp3_plain  HURR            TC            0.0001    2.73      84.79     175.57    273.50    True    True   -     
cuszp3  cuszp3_plain  NYX             temperature   0.01      227.67    54.12     515.23    2363.02   True    True   -     
cuszp3  cuszp3_plain  NYX             temperature   0.001     15.19     63.89     395.68    856.50    True    True   -     
cuszp3  cuszp3_plain  NYX             temperature   0.0001    6.82      84.77     381.14    832.78    True    True   -     
fzgm    cuszp3_plain  HURR            TC            0.01      6.05      44.80     94.90     123.71    True    True   -     
fzgm    cuszp3_plain  HURR            TC            0.001     3.75      64.79     87.43     122.80    True    True   -     
fzgm    cuszp3_plain  HURR            TC            0.0001    2.73      84.79     81.31     122.05    True    True   -     
fzgm    cuszp3_plain  NYX             temperature   0.01      227.67    54.12     123.74    187.54    True    True   -     
fzgm    cuszp3_plain  NYX             temperature   0.001     15.19     63.89     110.68    158.79    True    True   -     
fzgm    cuszp3_plain  NYX             temperature   0.0001    6.82      84.77     103.98    148.25    True    True   -     
cuszp3  cuszp3_plain  HACC            vx            0.01      10.03     44.78     392.80    486.80    True    True   -     
cuszp3  cuszp3_plain  HACC            vx            0.001     5.18      64.77     368.99    462.62    True    True   -     
cuszp3  cuszp3_plain  HACC            vx            0.0001    3.39      84.77     321.46    447.25    True    True   -     
fzgm    cuszp3_plain  HACC            vx            0.01      10.03     44.78     69.06     160.62    True    True   -     
fzgm    cuszp3_plain  HACC            vx            0.001     5.18      64.77     65.68     149.58    True    True   -     
fzgm    cuszp3_plain  HACC            vx            0.0001    3.39      84.77     75.85     165.27    True    True   -     
cuszp3  cuszp3_outlier  CESM-2D         CLDHGH        0.01      14.68     44.75     91.31     156.45    False   True   -     
cuszp3  cuszp3_outlier  CESM-2D         CLDHGH        0.001     8.29      64.77     72.70     99.45     False   True   -     
cuszp3  cuszp3_outlier  CESM-2D         CLDHGH        0.0001    4.57      84.70     72.74     104.09    False   True   -     
fzgm    cuszp3_outlier  CESM-2D         CLDHGH        0.01      13.89     44.75     79.10     98.27     True    True   -     
fzgm    cuszp3_outlier  CESM-2D         CLDHGH        0.001     8.03      64.77     75.56     93.48     True    True   -     
fzgm    cuszp3_outlier  CESM-2D         CLDHGH        0.0001    4.49      84.77     71.10     89.23     True    True   -     
cuszp3  cuszp3_outlier  HURR            TC            0.01      14.52     44.80     205.84    377.02    True    True   -     
cuszp3  cuszp3_outlier  HURR            TC            0.001     7.68      64.79     178.55    230.31    False   True   -     
cuszp3  cuszp3_outlier  HURR            TC            0.0001    4.30      84.79     197.06    267.09    False   True   -     
cuszp3  cuszp3_outlier  NYX             temperature   0.01      227.75    54.12     511.63    2208.06   True    True   -     
cuszp3  cuszp3_outlier  NYX             temperature   0.001     21.83     63.89     376.42    643.87    True    True   -     
cuszp3  cuszp3_outlier  NYX             temperature   0.0001    12.61     84.77     341.37    466.94    True    True   -     
fzgm    cuszp3_outlier  HURR            TC            0.01      13.74     44.80     93.01     121.04    True    True   -     
fzgm    cuszp3_outlier  HURR            TC            0.001     7.46      64.79     89.43     115.33    True    True   -     
fzgm    cuszp3_outlier  HURR            TC            0.0001    4.23      84.79     82.97     111.90    True    True   -     
fzgm    cuszp3_outlier  NYX             temperature   0.01      120.53    54.12     116.74    180.99    True    True   -     
fzgm    cuszp3_outlier  NYX             temperature   0.001     20.11     63.89     103.27    146.14    True    True   -     
fzgm    cuszp3_outlier  NYX             temperature   0.0001    12.02     84.77     98.90     139.79    True    True   -     
cuszp3  cuszp3_outlier  HACC            vx            0.01      10.95     44.78     359.65    512.24    True    True   -     
cuszp3  cuszp3_outlier  HACC            vx            0.001     5.65      64.77     322.21    404.47    True    True   -     
cuszp3  cuszp3_outlier  HACC            vx            0.0001    3.59      84.77     271.21    306.66    True    True   -     
fzgm    cuszp3_outlier  HACC            vx            0.01      10.09     44.78     78.73     174.48    True    True   -     
fzgm    cuszp3_outlier  HACC            vx            0.001     5.41      64.77     75.01     164.41    True    True   -     
fzgm    cuszp3_outlier  HACC            vx            0.0001    3.49      84.77     57.90     142.02    True    True   -     
fzgpu   fzgpu       CESM-2D         CLDHGH        0.01      13.88     44.74     112.37    138.03    False   True   -     
fzgpu   fzgpu       CESM-2D         CLDHGH        0.001     8.31      64.76     109.22    137.52    False   True   -     
fzgpu   fzgpu       CESM-2D         CLDHGH        0.0001    4.73      84.76     112.65    137.19    False   True   -     
fzgpu   fzgpu       HURR            TC            0.01      14.37     44.80     150.69    129.79    True    True   -     
fzgpu   fzgpu       HURR            TC            0.001     9.76      64.79     152.08    129.55    True    True   -     
fzgpu   fzgpu       HURR            TC            0.0001    6.81      84.79     150.76    129.27    True    True   -     
fzgpu   fzgpu       NYX             temperature   0.01      106.76    54.12     170.93    140.24    True    True   -     
fzgpu   fzgpu       NYX             temperature   0.001     13.27     63.89     170.17    139.39    True    True   -     
fzgpu   fzgpu       NYX             temperature   0.0001    9.07      84.77     170.16    139.21    True    True   -     
fzgpu   fzgpu       HACC            vx            0.01      9.77      44.78     203.58    186.70    True    True   -     
fzgpu   fzgpu       HACC            vx            0.001     5.16      64.77     194.30    178.27    True    True   -     
fzgpu   fzgpu       HACC            vx            0.0001    3.38      84.77     183.41    168.35    True    True   -     
fzgm    fzgpu       CESM-2D         CLDHGH        0.01      14.57     44.75     89.76     98.06     True    True   -     
fzgm    fzgpu       CESM-2D         CLDHGH        0.001     8.94      64.77     89.76     97.83     True    True   -     
fzgm    fzgpu       CESM-2D         CLDHGH        0.0001    4.90      84.77     88.82     96.17     True    True   -     
fzgm    fzgpu       HURR            TC            0.01      15.03     44.80     115.71    103.11    True    True   -     
fzgm    fzgpu       HURR            TC            0.001     10.13     64.79     115.30    102.84    True    True   -     
fzgm    fzgpu       HURR            TC            0.0001    6.92      84.79     113.69    101.97    True    True   -     
fzgm    fzgpu       NYX             temperature   0.01      116.42    54.12     149.71    122.28    True    True   -     
fzgm    fzgpu       NYX             temperature   0.001     14.33     63.89     149.28    121.97    True    True   -     
fzgm    fzgpu       NYX             temperature   0.0001    9.39      84.77     149.20    123.44    True    True   -     
fzgm    fzgpu       HACC            vx            0.01      10.20     44.78     151.59    134.07    True    True   -     
fzgm    fzgpu       HACC            vx            0.001     5.27      64.77     150.71    133.09    True    True   -     
fzgm    fzgpu       HACC            vx            0.0001    3.29      84.77     139.13    129.91    True    True   -     
pfpl    pfpl        CESM-2D         CLDHGH        0.01      27.30     44.75     90.73     114.02    True    True   -     
pfpl    pfpl        CESM-2D         CLDHGH        0.001     11.19     64.77     89.76     113.51    True    True   -     
pfpl    pfpl        CESM-2D         CLDHGH        0.0001    5.50      84.77     88.66     129.15    True    True   -     
pfpl    pfpl        HURR            TC            0.01      54.73     44.80     126.25    131.44    True    True   -     
pfpl    pfpl        HURR            TC            0.001     15.58     64.79     125.52    130.73    True    True   -     
pfpl    pfpl        HURR            TC            0.0001    6.96      84.79     124.09    128.83    True    True   -     
pfpl    pfpl        NYX             temperature   0.01      954.15    54.12     158.56    201.69    True    True   -     
pfpl    pfpl        NYX             temperature   0.001     48.32     63.89     146.72    174.65    True    True   -     
pfpl    pfpl        NYX             temperature   0.0001    15.13     84.77     145.76    135.13    True    True   -     
pfpl    pfpl        HACC            vx            0.01      12.69     44.78     148.88    135.49    True    True   -     
pfpl    pfpl        HACC            vx            0.001     5.68      64.77     146.89    133.19    True    True   -     
pfpl    pfpl        HACC            vx            0.0001    3.56      84.77     155.47    131.32    True    True   -     
fzgm    pfpl        CESM-2D         CLDHGH        0.01      27.21     44.75     51.03     60.21     True    True   -     
fzgm    pfpl        CESM-2D         CLDHGH        0.001     11.18     64.77     51.00     60.39     True    True   -     
fzgm    pfpl        CESM-2D         CLDHGH        0.0001    5.54      84.77     49.63     59.77     True    True   -     
fzgm    pfpl        HURR            TC            0.01      54.49     44.80     62.76     72.41     True    True   -     
fzgm    pfpl        HURR            TC            0.001     15.68     64.79     62.35     71.98     True    True   -     
fzgm    pfpl        HURR            TC            0.0001    7.11      84.79     60.47     71.49     True    True   -     
fzgm    pfpl        NYX             temperature   0.01      854.56    54.12     71.39     84.71     True    True   -     
fzgm    pfpl        NYX             temperature   0.001     48.04     63.89     68.35     77.57     True    True   -     
fzgm    pfpl        NYX             temperature   0.0001    15.11     84.77     67.35     77.06     True    True   -     
fzgm    pfpl        HACC            vx            0.01      12.67     44.78     80.95     87.99     True    True   -     
fzgm    pfpl        HACC            vx            0.001     5.68      64.77     78.53     87.41     True    True   -     
fzgm    pfpl        HACC            vx            0.0001    3.56      84.77     75.60     86.78     True    True   -     

207 ok, 3 failed
  FAIL fzgm_vs_native-0035: compress failed (exit -6); see /N/scratch/sruiter/benchkit-results/7802064/work/fzgm_vs_native-0035/compress.log
  FAIL fzgm_vs_native-0054: compress failed (exit -6); see /N/scratch/sruiter/benchkit-results/7802064/work/fzgm_vs_native-0054/compress.log
  FAIL fzgm_vs_native-0056: compress failed (exit -6); see /N/scratch/sruiter/benchkit-results/7802064/work/fzgm_vs_native-0056/compress.log

[done] rows -> /N/scratch/sruiter/benchkit-results/7802064/runs.jsonl
[benchkit] run complete — printing reports
comp    variant     dataset         field         eb        CR        PSNR      cGB/s     dGB/s     eb_ok   tOK    graph 
-------------------------------------------------------------------------------------------------------------------------
cusz    cusz        CESM-2D         CLDHGH        0.01      24.26     44.75     54.67     30.53     True    True   -     
cusz    cusz        CESM-2D         CLDHGH        0.001     13.08     64.77     56.01     14.11     True    True   -     
cusz    cusz        CESM-2D         CLDHGH        0.0001    4.70      84.77     54.32     11.45     True    True   -     
cusz    cusz        HURR            TC            0.01      26.31     44.80     110.85    58.87     True    True   -     
cusz    cusz        HURR            TC            0.001     16.65     64.79     112.37    50.11     True    True   -     
cusz    cusz        HURR            TC            0.0001    9.12      84.79     111.10    38.71     True    True   -     
cusz    cusz        NYX             temperature   0.01      29.89     54.12     148.61    77.66     True    True   -     
cusz    cusz        NYX             temperature   0.001     26.48     63.89     148.94    77.42     True    True   -     
cusz    cusz        NYX             temperature   0.0001    18.50     84.77     151.18    75.39     True    True   -     
cusz    cusz        HACC            vx            0.01      14.58     44.78     158.18    55.16     True    True   -     
cusz    cusz        HACC            vx            0.001     4.92      64.77     149.32    54.15     True    True   -     
cusz    cusz        HACC            vx            0.0001    1.26      -23.61    73.47     317.37    False   True   -     
fzgm    cusz        CESM-2D         CLDHGH        0.01      24.26     44.75     36.79     33.74     True    True   -     
fzgm    cusz        CESM-2D         CLDHGH        0.001     13.80     64.77     34.67     16.86     True    True   -     
fzgm    cusz        CESM-2D         CLDHGH        0.0001    6.22      84.77     31.96     13.73     True    True   -     
fzgm    cusz        HURR            TC            0.01      26.59     44.80     93.72     75.54     True    True   -     
fzgm    cusz        HURR            TC            0.001     17.83     64.79     88.22     57.67     True    True   -     
fzgm    cusz        HURR            TC            0.0001    10.43     84.79     81.52     47.15     True    True   -     
fzgm    cusz        NYX             temperature   0.01      29.93     54.12     104.27    75.93     True    True   -     
fzgm    cusz        NYX             temperature   0.001     27.34     63.89     105.07    75.18     True    True   -     
fzgm    cusz        NYX             temperature   0.0001    18.77     84.77     101.10    72.95     True    True   -     
fzgm    cusz        HACC            vx            0.01      15.04     44.78     68.92     50.73     True    True   -     
fzgm    cusz        HACC            vx            0.001     6.32      64.77     62.23     44.62     True    True   -     
fzgm    cusz        HACC            vx            0.0001    3.63      84.77     51.91     38.55     True    True   -     
cuszhi  cuszhi_tp   CESM-2D         CLDHGH        0.01      61.92     51.60     50.32     84.09     True    True   -     
cuszhi  cuszhi_tp   CESM-2D         CLDHGH        0.001     13.33     66.54     49.25     82.72     True    True   -     
cuszhi  cuszhi_tp   CESM-2D         CLDHGH        0.0001    5.75      85.43     48.68     78.37     True    True   -     
cuszhi  cuszhi_tp   HURR            TC            0.01      352.73    54.54     60.92     68.77     True    True   -     
cuszhi  cuszhi_tp   HURR            TC            0.001     39.55     67.97     60.88     68.72     True    True   -     
cuszhi  cuszhi_tp   HURR            TC            0.0001    10.07     85.21     61.15     68.77     True    True   -     
cuszhi  cuszhi_tp   NYX             temperature   0.01      1240.33   64.29     90.16     94.98     True    True   -     
cuszhi  cuszhi_tp   NYX             temperature   0.001     209.75    74.39     90.18     95.00     True    True   -     
cuszhi  cuszhi_tp   NYX             temperature   0.0001    33.44     88.26     90.15     95.01     True    True   -     
cuszhi  cuszhi_tp   HACC            vx            0.01      9.94      48.06     3.64      4.19      True    True   -     
cuszhi  cuszhi_tp   HACC            vx            0.001     5.08      66.69     3.63      4.27      True    True   -     
fzgm    cuszhi_tp   CESM-2D         CLDHGH        0.01      52.45     51.50     18.45     24.17     True    True   -     
fzgm    cuszhi_tp   CESM-2D         CLDHGH        0.001     12.46     66.83     18.13     23.99     True    True   -     
fzgm    cuszhi_tp   CESM-2D         CLDHGH        0.0001    5.41      85.91     16.72     21.53     True    True   -     
fzgm    cuszhi_tp   HURR            TC            0.01      344.35    54.73     40.17     47.61     True    True   -     
fzgm    cuszhi_tp   HURR            TC            0.001     38.98     68.54     39.60     47.44     True    True   -     
fzgm    cuszhi_tp   HURR            TC            0.0001    9.88      85.43     37.56     47.23     True    True   -     
fzgm    cuszhi_tp   NYX             temperature   0.01      1152.04   64.21     48.38     56.06     True    True   -     
fzgm    cuszhi_tp   NYX             temperature   0.001     210.34    75.75     53.01     61.55     True    True   -     
fzgm    cuszhi_tp   NYX             temperature   0.0001    36.91     90.02     47.53     55.78     True    True   -     
cuszhi  cuszhi_cr   CESM-2D         CLDHGH        0.01      52.65     51.60     34.37     35.41     True    True   -     
cuszhi  cuszhi_cr   CESM-2D         CLDHGH        0.001     13.30     66.54     33.94     31.97     True    True   -     
cuszhi  cuszhi_cr   CESM-2D         CLDHGH        0.0001    5.37      85.43     32.89     36.59     True    True   -     
cuszhi  cuszhi_cr   HURR            TC            0.01      257.41    54.54     48.06     74.22     True    True   -     
cuszhi  cuszhi_cr   HURR            TC            0.001     41.21     67.97     47.95     74.21     True    True   -     
cuszhi  cuszhi_cr   HURR            TC            0.0001    9.99      85.21     47.99     74.16     True    True   -     
cuszhi  cuszhi_cr   NYX             temperature   0.01      1274.99   64.29     66.26     98.25     True    True   -     
cuszhi  cuszhi_cr   NYX             temperature   0.001     287.83    74.39     66.32     98.25     True    True   -     
cuszhi  cuszhi_cr   NYX             temperature   0.0001    49.47     88.26     66.31     98.21     True    True   -     
cuszhi  cuszhi_cr   HACC            vx            0.001     5.08      66.69     3.58      4.26      True    True   -     
fzgm    cuszhi_cr   CESM-2D         CLDHGH        0.01      53.21     51.50     15.29     11.79     True    True   -     
fzgm    cuszhi_cr   CESM-2D         CLDHGH        0.001     13.20     66.83     14.79     8.15      True    True   -     
fzgm    cuszhi_cr   CESM-2D         CLDHGH        0.0001    5.79      85.91     12.31     5.67      True    True   -     
fzgm    cuszhi_cr   HURR            TC            0.01      258.49    54.73     34.31     29.00     True    True   -     
fzgm    cuszhi_cr   HURR            TC            0.001     41.18     68.54     35.00     24.86     True    True   -     
fzgm    cuszhi_cr   HURR            TC            0.0001    10.19     85.43     29.85     12.79     True    True   -     
fzgm    cuszhi_cr   NYX             temperature   0.01      517.71    64.21     42.73     39.14     True    True   -     
fzgm    cuszhi_cr   NYX             temperature   0.001     185.10    75.75     42.47     38.60     True    True   -     
fzgm    cuszhi_cr   NYX             temperature   0.0001    46.05     90.02     40.30     34.78     True    True   -     
cuszp2  cuszp2_outlier  CESM-2D         CLDHGH        0.01      13.53     44.75     85.86     140.81    True    True   -     
cuszp2  cuszp2_outlier  CESM-2D         CLDHGH        0.001     8.80      64.77     68.67     83.44     True    True   -     
cuszp2  cuszp2_outlier  CESM-2D         CLDHGH        0.0001    4.91      84.77     65.81     83.07     True    True   -     
cuszp2  cuszp2_outlier  HURR            TC            0.01      16.56     44.80     238.95    390.46    True    True   -     
cuszp2  cuszp2_outlier  HURR            TC            0.001     10.88     64.79     191.00    211.15    True    True   -     
cuszp2  cuszp2_outlier  HURR            TC            0.0001    6.02      84.79     183.86    204.54    True    True   -     
cuszp2  cuszp2_outlier  NYX             temperature   0.01      115.40    54.12     497.36    2257.87   True    True   -     
cuszp2  cuszp2_outlier  NYX             temperature   0.001     16.46     63.89     348.63    537.48    True    True   -     
cuszp2  cuszp2_outlier  NYX             temperature   0.0001    10.64     84.77     331.25    417.06    True    True   -     
cuszp2  cuszp2_outlier  HACC            vx            0.01      10.95     44.78     363.46    510.05    True    True   -     
cuszp2  cuszp2_outlier  HACC            vx            0.001     5.65      64.77     314.37    404.25    True    True   -     
cuszp2  cuszp2_outlier  HACC            vx            0.0001    3.59      84.77     269.43    306.47    True    True   -     
fzgm    cuszp2_outlier  CESM-2D         CLDHGH        0.01      12.24     44.75     52.96     120.66    True    True   -     
fzgm    cuszp2_outlier  CESM-2D         CLDHGH        0.001     8.24      64.77     51.87     114.91    True    True   -     
fzgm    cuszp2_outlier  CESM-2D         CLDHGH        0.0001    4.73      84.77     49.63     109.58    True    True   -     
fzgm    cuszp2_outlier  HURR            TC            0.01      14.66     44.80     60.43     145.44    True    True   -     
fzgm    cuszp2_outlier  HURR            TC            0.001     10.02     64.79     58.90     138.91    True    True   -     
fzgm    cuszp2_outlier  HURR            TC            0.0001    5.75      84.79     56.88     130.90    True    True   -     
fzgm    cuszp2_outlier  NYX             temperature   0.01      60.69     54.12     72.83     212.85    True    True   -     
fzgm    cuszp2_outlier  NYX             temperature   0.001     14.58     63.89     64.42     158.25    True    True   -     
fzgm    cuszp2_outlier  NYX             temperature   0.0001    9.83      84.77     61.80     147.04    True    True   -     
fzgm    cuszp2_outlier  HACC            vx            0.01      10.09     44.78     64.50     156.00    True    True   -     
fzgm    cuszp2_outlier  HACC            vx            0.001     5.41      64.77     75.04     164.42    True    True   -     
fzgm    cuszp2_outlier  HACC            vx            0.0001    3.49      84.77     57.90     142.05    True    True   -     
cuszp2  cuszp2_plain  CESM-2D         CLDHGH        0.01      6.20      44.75     100.53    170.87    True    True   -     
cuszp2  cuszp2_plain  CESM-2D         CLDHGH        0.001     3.81      64.77     87.90     136.55    True    True   -     
cuszp2  cuszp2_plain  CESM-2D         CLDHGH        0.0001    2.73      84.77     78.17     105.17    True    True   -     
cuszp2  cuszp2_plain  HURR            TC            0.01      5.94      44.80     232.53    334.01    True    True   -     
cuszp2  cuszp2_plain  HURR            TC            0.001     3.71      64.79     227.86    335.62    True    True   -     
cuszp2  cuszp2_plain  HURR            TC            0.0001    2.70      84.79     182.79    257.96    True    True   -     
cuszp2  cuszp2_plain  NYX             temperature   0.01      115.37    54.12     553.21    2555.19   True    True   -     
cuszp2  cuszp2_plain  NYX             temperature   0.001     13.72     63.89     359.49    456.20    True    True   -     
cuszp2  cuszp2_plain  NYX             temperature   0.0001    6.61      84.77     326.29    443.18    True    True   -     
cuszp2  cuszp2_plain  HACC            vx            0.01      10.03     44.78     371.22    489.14    True    True   -     
cuszp2  cuszp2_plain  HACC            vx            0.001     5.18      64.77     303.44    464.14    True    True   -     
cuszp2  cuszp2_plain  HACC            vx            0.0001    3.39      84.77     262.66    448.17    True    True   -     
fzgm    cuszp2_plain  CESM-2D         CLDHGH        0.01      6.20      44.75     56.13     123.99    True    True   -     
fzgm    cuszp2_plain  CESM-2D         CLDHGH        0.001     3.81      64.77     52.62     118.80    True    True   -     
fzgm    cuszp2_plain  CESM-2D         CLDHGH        0.0001    2.73      84.77     49.54     117.82    True    True   -     
fzgm    cuszp2_plain  HURR            TC            0.01      5.94      44.80     63.45     142.97    True    True   -     
fzgm    cuszp2_plain  HURR            TC            0.001     3.71      64.79     59.84     139.55    True    True   -     
fzgm    cuszp2_plain  HURR            TC            0.0001    2.70      84.79     56.29     137.87    True    True   -     
fzgm    cuszp2_plain  NYX             temperature   0.01      115.37    54.12     78.69     215.30    True    True   -     
fzgm    cuszp2_plain  NYX             temperature   0.001     13.72     63.89     70.37     164.35    True    True   -     
fzgm    cuszp2_plain  NYX             temperature   0.0001    6.61      84.77     67.13     152.21    True    True   -     
fzgm    cuszp2_plain  HACC            vx            0.01      10.03     44.78     69.03     160.64    True    True   -     
fzgm    cuszp2_plain  HACC            vx            0.001     5.18      64.77     65.70     149.65    True    True   -     
fzgm    cuszp2_plain  HACC            vx            0.0001    3.39      84.77     61.81     147.83    True    True   -     
cuszp3  cuszp3_plain  CESM-2D         CLDHGH        0.01      6.36      44.75     104.31    201.28    True    True   -     
cuszp3  cuszp3_plain  CESM-2D         CLDHGH        0.001     3.87      64.77     94.62     162.29    True    True   -     
cuszp3  cuszp3_plain  CESM-2D         CLDHGH        0.0001    2.76      84.77     87.06     128.78    True    True   -     
fzgm    cuszp3_plain  CESM-2D         CLDHGH        0.01      6.36      44.75     78.86     97.66     True    True   -     
fzgm    cuszp3_plain  CESM-2D         CLDHGH        0.001     3.87      64.77     73.58     95.81     True    True   -     
fzgm    cuszp3_plain  CESM-2D         CLDHGH        0.0001    2.76      84.77     68.78     94.91     True    True   -     
cuszp3  cuszp3_plain  HURR            TC            0.01      6.05      44.80     218.88    392.78    True    True   -     
cuszp3  cuszp3_plain  HURR            TC            0.001     3.75      64.79     234.52    418.90    True    True   -     
cuszp3  cuszp3_plain  HURR            TC            0.0001    2.73      84.79     175.57    273.50    True    True   -     
cuszp3  cuszp3_plain  NYX             temperature   0.01      227.67    54.12     515.23    2363.02   True    True   -     
cuszp3  cuszp3_plain  NYX             temperature   0.001     15.19     63.89     395.68    856.50    True    True   -     
cuszp3  cuszp3_plain  NYX             temperature   0.0001    6.82      84.77     381.14    832.78    True    True   -     
fzgm    cuszp3_plain  HURR            TC            0.01      6.05      44.80     94.90     123.71    True    True   -     
fzgm    cuszp3_plain  HURR            TC            0.001     3.75      64.79     87.43     122.80    True    True   -     
fzgm    cuszp3_plain  HURR            TC            0.0001    2.73      84.79     81.31     122.05    True    True   -     
fzgm    cuszp3_plain  NYX             temperature   0.01      227.67    54.12     123.74    187.54    True    True   -     
fzgm    cuszp3_plain  NYX             temperature   0.001     15.19     63.89     110.68    158.79    True    True   -     
fzgm    cuszp3_plain  NYX             temperature   0.0001    6.82      84.77     103.98    148.25    True    True   -     
cuszp3  cuszp3_plain  HACC            vx            0.01      10.03     44.78     392.80    486.80    True    True   -     
cuszp3  cuszp3_plain  HACC            vx            0.001     5.18      64.77     368.99    462.62    True    True   -     
cuszp3  cuszp3_plain  HACC            vx            0.0001    3.39      84.77     321.46    447.25    True    True   -     
fzgm    cuszp3_plain  HACC            vx            0.01      10.03     44.78     69.06     160.62    True    True   -     
fzgm    cuszp3_plain  HACC            vx            0.001     5.18      64.77     65.68     149.58    True    True   -     
fzgm    cuszp3_plain  HACC            vx            0.0001    3.39      84.77     75.85     165.27    True    True   -     
cuszp3  cuszp3_outlier  CESM-2D         CLDHGH        0.01      14.68     44.75     91.31     156.45    False   True   -     
cuszp3  cuszp3_outlier  CESM-2D         CLDHGH        0.001     8.29      64.77     72.70     99.45     False   True   -     
cuszp3  cuszp3_outlier  CESM-2D         CLDHGH        0.0001    4.57      84.70     72.74     104.09    False   True   -     
fzgm    cuszp3_outlier  CESM-2D         CLDHGH        0.01      13.89     44.75     79.10     98.27     True    True   -     
fzgm    cuszp3_outlier  CESM-2D         CLDHGH        0.001     8.03      64.77     75.56     93.48     True    True   -     
fzgm    cuszp3_outlier  CESM-2D         CLDHGH        0.0001    4.49      84.77     71.10     89.23     True    True   -     
cuszp3  cuszp3_outlier  HURR            TC            0.01      14.52     44.80     205.84    377.02    True    True   -     
cuszp3  cuszp3_outlier  HURR            TC            0.001     7.68      64.79     178.55    230.31    False   True   -     
cuszp3  cuszp3_outlier  HURR            TC            0.0001    4.30      84.79     197.06    267.09    False   True   -     
cuszp3  cuszp3_outlier  NYX             temperature   0.01      227.75    54.12     511.63    2208.06   True    True   -     
cuszp3  cuszp3_outlier  NYX             temperature   0.001     21.83     63.89     376.42    643.87    True    True   -     
cuszp3  cuszp3_outlier  NYX             temperature   0.0001    12.61     84.77     341.37    466.94    True    True   -     
fzgm    cuszp3_outlier  HURR            TC            0.01      13.74     44.80     93.01     121.04    True    True   -     
fzgm    cuszp3_outlier  HURR            TC            0.001     7.46      64.79     89.43     115.33    True    True   -     
fzgm    cuszp3_outlier  HURR            TC            0.0001    4.23      84.79     82.97     111.90    True    True   -     
fzgm    cuszp3_outlier  NYX             temperature   0.01      120.53    54.12     116.74    180.99    True    True   -     
fzgm    cuszp3_outlier  NYX             temperature   0.001     20.11     63.89     103.27    146.14    True    True   -     
fzgm    cuszp3_outlier  NYX             temperature   0.0001    12.02     84.77     98.90     139.79    True    True   -     
cuszp3  cuszp3_outlier  HACC            vx            0.01      10.95     44.78     359.65    512.24    True    True   -     
cuszp3  cuszp3_outlier  HACC            vx            0.001     5.65      64.77     322.21    404.47    True    True   -     
cuszp3  cuszp3_outlier  HACC            vx            0.0001    3.59      84.77     271.21    306.66    True    True   -     
fzgm    cuszp3_outlier  HACC            vx            0.01      10.09     44.78     78.73     174.48    True    True   -     
fzgm    cuszp3_outlier  HACC            vx            0.001     5.41      64.77     75.01     164.41    True    True   -     
fzgm    cuszp3_outlier  HACC            vx            0.0001    3.49      84.77     57.90     142.02    True    True   -     
fzgpu   fzgpu       CESM-2D         CLDHGH        0.01      13.88     44.74     112.37    138.03    False   True   -     
fzgpu   fzgpu       CESM-2D         CLDHGH        0.001     8.31      64.76     109.22    137.52    False   True   -     
fzgpu   fzgpu       CESM-2D         CLDHGH        0.0001    4.73      84.76     112.65    137.19    False   True   -     
fzgpu   fzgpu       HURR            TC            0.01      14.37     44.80     150.69    129.79    True    True   -     
fzgpu   fzgpu       HURR            TC            0.001     9.76      64.79     152.08    129.55    True    True   -     
fzgpu   fzgpu       HURR            TC            0.0001    6.81      84.79     150.76    129.27    True    True   -     
fzgpu   fzgpu       NYX             temperature   0.01      106.76    54.12     170.93    140.24    True    True   -     
fzgpu   fzgpu       NYX             temperature   0.001     13.27     63.89     170.17    139.39    True    True   -     
fzgpu   fzgpu       NYX             temperature   0.0001    9.07      84.77     170.16    139.21    True    True   -     
fzgpu   fzgpu       HACC            vx            0.01      9.77      44.78     203.58    186.70    True    True   -     
fzgpu   fzgpu       HACC            vx            0.001     5.16      64.77     194.30    178.27    True    True   -     
fzgpu   fzgpu       HACC            vx            0.0001    3.38      84.77     183.41    168.35    True    True   -     
fzgm    fzgpu       CESM-2D         CLDHGH        0.01      14.57     44.75     89.76     98.06     True    True   -     
fzgm    fzgpu       CESM-2D         CLDHGH        0.001     8.94      64.77     89.76     97.83     True    True   -     
fzgm    fzgpu       CESM-2D         CLDHGH        0.0001    4.90      84.77     88.82     96.17     True    True   -     
fzgm    fzgpu       HURR            TC            0.01      15.03     44.80     115.71    103.11    True    True   -     
fzgm    fzgpu       HURR            TC            0.001     10.13     64.79     115.30    102.84    True    True   -     
fzgm    fzgpu       HURR            TC            0.0001    6.92      84.79     113.69    101.97    True    True   -     
fzgm    fzgpu       NYX             temperature   0.01      116.42    54.12     149.71    122.28    True    True   -     
fzgm    fzgpu       NYX             temperature   0.001     14.33     63.89     149.28    121.97    True    True   -     
fzgm    fzgpu       NYX             temperature   0.0001    9.39      84.77     149.20    123.44    True    True   -     
fzgm    fzgpu       HACC            vx            0.01      10.20     44.78     151.59    134.07    True    True   -     
fzgm    fzgpu       HACC            vx            0.001     5.27      64.77     150.71    133.09    True    True   -     
fzgm    fzgpu       HACC            vx            0.0001    3.29      84.77     139.13    129.91    True    True   -     
pfpl    pfpl        CESM-2D         CLDHGH        0.01      27.30     44.75     90.73     114.02    True    True   -     
pfpl    pfpl        CESM-2D         CLDHGH        0.001     11.19     64.77     89.76     113.51    True    True   -     
pfpl    pfpl        CESM-2D         CLDHGH        0.0001    5.50      84.77     88.66     129.15    True    True   -     
pfpl    pfpl        HURR            TC            0.01      54.73     44.80     126.25    131.44    True    True   -     
pfpl    pfpl        HURR            TC            0.001     15.58     64.79     125.52    130.73    True    True   -     
pfpl    pfpl        HURR            TC            0.0001    6.96      84.79     124.09    128.83    True    True   -     
pfpl    pfpl        NYX             temperature   0.01      954.15    54.12     158.56    201.69    True    True   -     
pfpl    pfpl        NYX             temperature   0.001     48.32     63.89     146.72    174.65    True    True   -     
pfpl    pfpl        NYX             temperature   0.0001    15.13     84.77     145.76    135.13    True    True   -     
pfpl    pfpl        HACC            vx            0.01      12.69     44.78     148.88    135.49    True    True   -     
pfpl    pfpl        HACC            vx            0.001     5.68      64.77     146.89    133.19    True    True   -     
pfpl    pfpl        HACC            vx            0.0001    3.56      84.77     155.47    131.32    True    True   -     
fzgm    pfpl        CESM-2D         CLDHGH        0.01      27.21     44.75     51.03     60.21     True    True   -     
fzgm    pfpl        CESM-2D         CLDHGH        0.001     11.18     64.77     51.00     60.39     True    True   -     
fzgm    pfpl        CESM-2D         CLDHGH        0.0001    5.54      84.77     49.63     59.77     True    True   -     
fzgm    pfpl        HURR            TC            0.01      54.49     44.80     62.76     72.41     True    True   -     
fzgm    pfpl        HURR            TC            0.001     15.68     64.79     62.35     71.98     True    True   -     
fzgm    pfpl        HURR            TC            0.0001    7.11      84.79     60.47     71.49     True    True   -     
fzgm    pfpl        NYX             temperature   0.01      854.56    54.12     71.39     84.71     True    True   -     
fzgm    pfpl        NYX             temperature   0.001     48.04     63.89     68.35     77.57     True    True   -     
fzgm    pfpl        NYX             temperature   0.0001    15.11     84.77     67.35     77.06     True    True   -     
fzgm    pfpl        HACC            vx            0.01      12.67     44.78     80.95     87.99     True    True   -     
fzgm    pfpl        HACC            vx            0.001     5.68      64.77     78.53     87.41     True    True   -     
fzgm    pfpl        HACC            vx            0.0001    3.56      84.77     75.60     86.78     True    True   -     

207 ok, 3 failed
  FAIL fzgm_vs_native-0035: compress failed (exit -6); see /N/scratch/sruiter/benchkit-results/7802064/work/fzgm_vs_native-0035/compress.log
  FAIL fzgm_vs_native-0054: compress failed (exit -6); see /N/scratch/sruiter/benchkit-results/7802064/work/fzgm_vs_native-0054/compress.log
  FAIL fzgm_vs_native-0056: compress failed (exit -6); see /N/scratch/sruiter/benchkit-results/7802064/work/fzgm_vs_native-0056/compress.log

compressor  variant     pipeline    error_bound  n_fields    ratio_of_sums_cr  geomean_cr
-----------------------------------------------------------------------------------------
cusz        cusz        default     0.000        4           1.91              5.63      
    fields: CESM-2D/CLDHGH, HACC/vx, HURR/TC, NYX/temperature
cusz        cusz        default     0.001        4           6.97              12.98     
    fields: CESM-2D/CLDHGH, HACC/vx, HURR/TC, NYX/temperature
cusz        cusz        default     0.010        4           17.88             22.97     
    fields: CESM-2D/CLDHGH, HACC/vx, HURR/TC, NYX/temperature
cuszhi      cuszhi_cr   cr          0.000        3           25.80             13.84     
    fields: CESM-2D/CLDHGH, HURR/TC, NYX/temperature
cuszhi      cuszhi_cr   cr          0.001        4           7.85              29.92     
    fields: CESM-2D/CLDHGH, HACC/vx, HURR/TC, NYX/temperature
cuszhi      cuszhi_cr   cr          0.010        3           509.11            258.53    
    fields: CESM-2D/CLDHGH, HURR/TC, NYX/temperature
cuszhi      cuszhi_tp   tp          0.000        3           21.74             12.46     
    fields: CESM-2D/CLDHGH, HURR/TC, NYX/temperature
cuszhi      cuszhi_tp   tp          0.001        4           7.83              27.38     
    fields: CESM-2D/CLDHGH, HACC/vx, HURR/TC, NYX/temperature
cuszhi      cuszhi_tp   tp          0.010        4           15.65             128.11    
    fields: CESM-2D/CLDHGH, HACC/vx, HURR/TC, NYX/temperature
cuszp2      cuszp2_outlier  outlier     0.000        4           4.63              5.80      
    fields: CESM-2D/CLDHGH, HACC/vx, HURR/TC, NYX/temperature
cuszp2      cuszp2_outlier  outlier     0.001        4           7.33              9.71      
    fields: CESM-2D/CLDHGH, HACC/vx, HURR/TC, NYX/temperature
cuszp2      cuszp2_outlier  outlier     0.010        4           15.50             23.07     
    fields: CESM-2D/CLDHGH, HACC/vx, HURR/TC, NYX/temperature
cuszp2      cuszp2_plain  plain       0.000        4           3.89              3.59      
    fields: CESM-2D/CLDHGH, HACC/vx, HURR/TC, NYX/temperature
cuszp2      cuszp2_plain  plain       0.001        4           6.17              5.63      
    fields: CESM-2D/CLDHGH, HACC/vx, HURR/TC, NYX/temperature
cuszp2      cuszp2_plain  plain       0.010        4           12.97             14.37     
    fields: CESM-2D/CLDHGH, HACC/vx, HURR/TC, NYX/temperature
cuszp3      cuszp3_outlier  outlier     0.000        1           3.59              3.59      
    fields: HACC/vx
cuszp3      cuszp3_outlier  outlier     0.001        1           5.65              5.65      
    fields: HACC/vx
cuszp3      cuszp3_outlier  outlier     0.010        1           10.95             10.95     
    fields: HACC/vx
cuszp3      cuszp3_outlier  outlier:2d  0.000        1           4.57              4.57      
    fields: CESM-2D/CLDHGH
cuszp3      cuszp3_outlier  outlier:2d  0.001        1           8.29              8.29      
    fields: CESM-2D/CLDHGH
cuszp3      cuszp3_outlier  outlier:2d  0.010        1           14.68             14.68     
    fields: CESM-2D/CLDHGH
cuszp3      cuszp3_outlier  outlier:3d  0.000        2           9.68              7.37      
    fields: HURR/TC, NYX/temperature
cuszp3      cuszp3_outlier  outlier:3d  0.001        2           16.93             12.95     
    fields: HURR/TC, NYX/temperature
cuszp3      cuszp3_outlier  outlier:3d  0.010        2           68.91             57.51     
    fields: HURR/TC, NYX/temperature
cuszp3      cuszp3_plain  plain       0.000        1           3.39              3.39      
    fields: HACC/vx
cuszp3      cuszp3_plain  plain       0.001        1           5.18              5.18      
    fields: HACC/vx
cuszp3      cuszp3_plain  plain       0.010        1           10.03             10.03     
    fields: HACC/vx
cuszp3      cuszp3_plain  plain:2d    0.000        1           2.76              2.76      
    fields: CESM-2D/CLDHGH
cuszp3      cuszp3_plain  plain:2d    0.001        1           3.87              3.87      
    fields: CESM-2D/CLDHGH
cuszp3      cuszp3_plain  plain:2d    0.010        1           6.36              6.36      
    fields: CESM-2D/CLDHGH
cuszp3      cuszp3_plain  plain:3d    0.000        2           5.52              4.31      
    fields: HURR/TC, NYX/temperature
cuszp3      cuszp3_plain  plain:3d    0.001        2           10.28             7.55      
    fields: HURR/TC, NYX/temperature
cuszp3      cuszp3_plain  plain:3d    0.010        2           33.71             37.11     
    fields: HURR/TC, NYX/temperature
fzgm        cusz        configs/pipelines/cusz.toml  0.000        4           5.07              8.15      
    fields: CESM-2D/CLDHGH, HACC/vx, HURR/TC, NYX/temperature
fzgm        cusz        configs/pipelines/cusz.toml  0.001        4           8.71              14.36     
    fields: CESM-2D/CLDHGH, HACC/vx, HURR/TC, NYX/temperature
fzgm        cusz        configs/pipelines/cusz.toml  0.010        4           18.33             23.22     
    fields: CESM-2D/CLDHGH, HACC/vx, HURR/TC, NYX/temperature
fzgm        cuszhi_cr   configs/pipelines/cusz_hi_cr.toml  0.000        3           25.55             13.95     
    fields: CESM-2D/CLDHGH, HURR/TC, NYX/temperature
fzgm        cuszhi_cr   configs/pipelines/cusz_hi_cr.toml  0.001        3           90.89             46.51     
    fields: CESM-2D/CLDHGH, HURR/TC, NYX/temperature
fzgm        cuszhi_cr   configs/pipelines/cusz_hi_cr.toml  0.010        3           346.82            192.38    
    fields: CESM-2D/CLDHGH, HURR/TC, NYX/temperature
fzgm        cuszhi_tp   configs/pipelines/cusz_hi_tp.toml  0.000        3           22.50             12.55     
    fields: CESM-2D/CLDHGH, HURR/TC, NYX/temperature
fzgm        cuszhi_tp   configs/pipelines/cusz_hi_tp.toml  0.001        3           92.08             46.75     
    fields: CESM-2D/CLDHGH, HURR/TC, NYX/temperature
fzgm        cuszhi_tp   configs/pipelines/cusz_hi_tp.toml  0.010        3           529.98            275.05    
    fields: CESM-2D/CLDHGH, HURR/TC, NYX/temperature
fzgm        cuszp2_outlier  configs/pipelines/cuszp2.toml  0.000        4           4.47              5.52      
    fields: CESM-2D/CLDHGH, HACC/vx, HURR/TC, NYX/temperature
fzgm        cuszp2_outlier  configs/pipelines/cuszp2.toml  0.001        4           6.93              8.98      
    fields: CESM-2D/CLDHGH, HACC/vx, HURR/TC, NYX/temperature
fzgm        cuszp2_outlier  configs/pipelines/cuszp2.toml  0.010        4           13.83             18.21     
    fields: CESM-2D/CLDHGH, HACC/vx, HURR/TC, NYX/temperature
fzgm        cuszp2_plain  configs/pipelines/cuszp2_plain.toml  0.000        4           3.89              3.59      
    fields: CESM-2D/CLDHGH, HACC/vx, HURR/TC, NYX/temperature
fzgm        cuszp2_plain  configs/pipelines/cuszp2_plain.toml  0.001        4           6.17              5.63      
    fields: CESM-2D/CLDHGH, HACC/vx, HURR/TC, NYX/temperature
fzgm        cuszp2_plain  configs/pipelines/cuszp2_plain.toml  0.010        4           12.97             14.37     
    fields: CESM-2D/CLDHGH, HACC/vx, HURR/TC, NYX/temperature
fzgm        cuszp3_outlier  configs/pipelines/cuszp3_1d_outlier.toml  0.000        1           3.49              3.49      
    fields: HACC/vx
fzgm        cuszp3_outlier  configs/pipelines/cuszp3_1d_outlier.toml  0.001        1           5.41              5.41      
    fields: HACC/vx
fzgm        cuszp3_outlier  configs/pipelines/cuszp3_1d_outlier.toml  0.010        1           10.09             10.09     
    fields: HACC/vx
fzgm        cuszp3_outlier  configs/pipelines/cuszp3_3d_outlier.toml  0.000        2           9.32              7.13      
    fields: HURR/TC, NYX/temperature
fzgm        cuszp3_outlier  configs/pipelines/cuszp3_3d_outlier.toml  0.001        2           15.88             12.25     
    fields: HURR/TC, NYX/temperature
fzgm        cuszp3_outlier  configs/pipelines/cuszp3_3d_outlier.toml  0.010        2           54.29             40.70     
    fields: HURR/TC, NYX/temperature
fzgm        cuszp3_outlier  configs/pipelines/cuszp3_outlier.toml  0.000        1           4.49              4.49      
    fields: CESM-2D/CLDHGH
fzgm        cuszp3_outlier  configs/pipelines/cuszp3_outlier.toml  0.001        1           8.03              8.03      
    fields: CESM-2D/CLDHGH
fzgm        cuszp3_outlier  configs/pipelines/cuszp3_outlier.toml  0.010        1           13.89             13.89     
    fields: CESM-2D/CLDHGH
fzgm        cuszp3_plain  configs/pipelines/cuszp3.toml  0.000        1           2.76              2.76      
    fields: CESM-2D/CLDHGH
fzgm        cuszp3_plain  configs/pipelines/cuszp3.toml  0.001        1           3.87              3.87      
    fields: CESM-2D/CLDHGH
fzgm        cuszp3_plain  configs/pipelines/cuszp3.toml  0.010        1           6.36              6.36      
    fields: CESM-2D/CLDHGH
fzgm        cuszp3_plain  configs/pipelines/cuszp3_1d.toml  0.000        1           3.39              3.39      
    fields: HACC/vx
fzgm        cuszp3_plain  configs/pipelines/cuszp3_1d.toml  0.001        1           5.18              5.18      
    fields: HACC/vx
fzgm        cuszp3_plain  configs/pipelines/cuszp3_1d.toml  0.010        1           10.03             10.03     
    fields: HACC/vx
fzgm        cuszp3_plain  configs/pipelines/cuszp3_3d.toml  0.000        2           5.52              4.31      
    fields: HURR/TC, NYX/temperature
fzgm        cuszp3_plain  configs/pipelines/cuszp3_3d.toml  0.001        2           10.28             7.55      
    fields: HURR/TC, NYX/temperature
fzgm        cuszp3_plain  configs/pipelines/cuszp3_3d.toml  0.010        2           33.71             37.11     
    fields: HURR/TC, NYX/temperature
fzgm        fzgpu       configs/pipelines/fzgpu.toml  0.000        4           4.27              5.69      
    fields: CESM-2D/CLDHGH, HACC/vx, HURR/TC, NYX/temperature
fzgm        fzgpu       configs/pipelines/fzgpu.toml  0.001        4           6.78              9.10      
    fields: CESM-2D/CLDHGH, HACC/vx, HURR/TC, NYX/temperature
fzgm        fzgpu       configs/pipelines/fzgpu.toml  0.010        4           14.49             22.58     
    fields: CESM-2D/CLDHGH, HACC/vx, HURR/TC, NYX/temperature
fzgm        pfpl        configs/pipelines/pfpl.toml  0.000        4           4.83              6.79      
    fields: CESM-2D/CLDHGH, HACC/vx, HURR/TC, NYX/temperature
fzgm        pfpl        configs/pipelines/pfpl.toml  0.001        4           8.21              14.79     
    fields: CESM-2D/CLDHGH, HACC/vx, HURR/TC, NYX/temperature
fzgm        pfpl        configs/pipelines/pfpl.toml  0.010        4           19.40             63.30     
    fields: CESM-2D/CLDHGH, HACC/vx, HURR/TC, NYX/temperature
fzgpu       fzgpu       default     0.000        4           4.34              5.61      
    fields: CESM-2D/CLDHGH, HACC/vx, HURR/TC, NYX/temperature
fzgpu       fzgpu       default     0.001        4           6.58              8.64      
    fields: CESM-2D/CLDHGH, HACC/vx, HURR/TC, NYX/temperature
fzgpu       fzgpu       default     0.010        4           13.86             21.36     
    fields: CESM-2D/CLDHGH, HACC/vx, HURR/TC, NYX/temperature
pfpl        pfpl        default     0.000        4           4.83              6.74      
    fields: CESM-2D/CLDHGH, HACC/vx, HURR/TC, NYX/temperature
pfpl        pfpl        default     0.001        4           8.21              14.79     
    fields: CESM-2D/CLDHGH, HACC/vx, HURR/TC, NYX/temperature
pfpl        pfpl        default     0.010        4           19.44             65.22     
    fields: CESM-2D/CLDHGH, HACC/vx, HURR/TC, NYX/temperature
